<?xml version="1.0"?>
<link_info>
   <banner>TMS320C2000 Linker PC v6.2.10</banner>
   <copyright>Copyright (c) 1996-2014 Texas Instruments Incorporated</copyright>
   <link_time>0x55f5d186</link_time>
   <link_errors>0x0</link_errors>
   <output_file>c28_test3.out</output_file>
   <entry_point>
      <name>code_start</name>
      <address>0x3f7ff6</address>
   </entry_point>
   <input_file_list>
      <input_file id="fl-2">
         <path>.\</path>
         <kind>object</kind>
         <file>main.obj</file>
         <name>main.obj</name>
      </input_file>
      <input_file id="fl-12">
         <path>c:\ti\ccsv6\tools\compiler\c2000_6.2.10\lib\</path>
         <kind>archive</kind>
         <file>rts2800_ml.lib</file>
         <name>memcpy_ff.obj</name>
      </input_file>
      <input_file id="fl-13">
         <path>C:\ti\controlSUITE\device_support\f2802x\v230\f2802x_common\lib\</path>
         <kind>archive</kind>
         <file>driverlib.lib</file>
         <name>clk.obj</name>
      </input_file>
      <input_file id="fl-14">
         <path>C:\ti\controlSUITE\device_support\f2802x\v230\f2802x_common\lib\</path>
         <kind>archive</kind>
         <file>driverlib.lib</file>
         <name>cpu.obj</name>
      </input_file>
      <input_file id="fl-15">
         <path>C:\ti\controlSUITE\device_support\f2802x\v230\f2802x_common\lib\</path>
         <kind>archive</kind>
         <file>driverlib.lib</file>
         <name>f2802xx_codestartbranch.obj</name>
      </input_file>
      <input_file id="fl-16">
         <path>C:\ti\controlSUITE\device_support\f2802x\v230\f2802x_common\lib\</path>
         <kind>archive</kind>
         <file>driverlib.lib</file>
         <name>flash.obj</name>
      </input_file>
      <input_file id="fl-17">
         <path>C:\ti\controlSUITE\device_support\f2802x\v230\f2802x_common\lib\</path>
         <kind>archive</kind>
         <file>driverlib.lib</file>
         <name>gpio.obj</name>
      </input_file>
      <input_file id="fl-18">
         <path>C:\ti\controlSUITE\device_support\f2802x\v230\f2802x_common\lib\</path>
         <kind>archive</kind>
         <file>driverlib.lib</file>
         <name>pie.obj</name>
      </input_file>
      <input_file id="fl-19">
         <path>C:\ti\controlSUITE\device_support\f2802x\v230\f2802x_common\lib\</path>
         <kind>archive</kind>
         <file>driverlib.lib</file>
         <name>pll.obj</name>
      </input_file>
      <input_file id="fl-1a">
         <path>C:\ti\controlSUITE\device_support\f2802x\v230\f2802x_common\lib\</path>
         <kind>archive</kind>
         <file>driverlib.lib</file>
         <name>wdog.obj</name>
      </input_file>
      <input_file id="fl-1b">
         <path>C:\ti\controlSUITE\device_support\f2802x\v230\f2802x_common\lib\</path>
         <kind>archive</kind>
         <file>driverlib.lib</file>
         <name>f2802xx_defaultisr.obj</name>
      </input_file>
      <input_file id="fl-1c">
         <path>c:\ti\ccsv6\tools\compiler\c2000_6.2.10\lib\</path>
         <kind>archive</kind>
         <file>rts2800_ml.lib</file>
         <name>boot.obj</name>
      </input_file>
      <input_file id="fl-1d">
         <path>c:\ti\ccsv6\tools\compiler\c2000_6.2.10\lib\</path>
         <kind>archive</kind>
         <file>rts2800_ml.lib</file>
         <name>exit.obj</name>
      </input_file>
      <input_file id="fl-1e">
         <path>c:\ti\ccsv6\tools\compiler\c2000_6.2.10\lib\</path>
         <kind>archive</kind>
         <file>rts2800_ml.lib</file>
         <name>_lock.obj</name>
      </input_file>
      <input_file id="fl-1f">
         <path>c:\ti\ccsv6\tools\compiler\c2000_6.2.10\lib\</path>
         <kind>archive</kind>
         <file>rts2800_ml.lib</file>
         <name>args_main.obj</name>
      </input_file>
   </input_file_list>
   <object_component_list>
      <object_component id="oc-12">
         <name>codestart</name>
         <load_address>0x3f7ff6</load_address>
         <run_address>0x3f7ff6</run_address>
         <size>0x2</size>
         <input_file_ref idref="fl-15"/>
      </object_component>
      <object_component id="oc-8b">
         <name>.cinit</name>
         <load_address>0x3f7396</load_address>
         <run_address>0x3f7396</run_address>
         <size>0xa</size>
         <input_file_ref idref="fl-1e"/>
      </object_component>
      <object_component id="oc-85">
         <name>.cinit</name>
         <load_address>0x3f73a0</load_address>
         <run_address>0x3f73a0</run_address>
         <size>0xa</size>
         <input_file_ref idref="fl-1d"/>
      </object_component>
      <object_component id="oc-97">
         <name>.text</name>
         <load_address>0x3f7000</load_address>
         <run_address>0x3f7000</run_address>
         <size>0x154</size>
         <input_file_ref idref="fl-2"/>
      </object_component>
      <object_component id="oc-7e">
         <name>.text</name>
         <load_address>0x3f7154</load_address>
         <run_address>0x3f7154</run_address>
         <size>0x44</size>
         <input_file_ref idref="fl-1c"/>
      </object_component>
      <object_component id="oc-a8">
         <name>.text:_GPIO_setPullUp</name>
         <load_address>0x3f7198</load_address>
         <run_address>0x3f7198</run_address>
         <size>0x29</size>
         <input_file_ref idref="fl-17"/>
      </object_component>
      <object_component id="oc-a7">
         <name>.text</name>
         <load_address>0x3f71c1</load_address>
         <run_address>0x3f71c1</run_address>
         <size>0x21</size>
         <input_file_ref idref="fl-12"/>
      </object_component>
      <object_component id="oc-94">
         <name>.text</name>
         <load_address>0x3f71e2</load_address>
         <run_address>0x3f71e2</run_address>
         <size>0x19</size>
         <input_file_ref idref="fl-1f"/>
      </object_component>
      <object_component id="oc-95">
         <name>.text</name>
         <load_address>0x3f71fb</load_address>
         <run_address>0x3f71fb</run_address>
         <size>0x19</size>
         <input_file_ref idref="fl-1d"/>
      </object_component>
      <object_component id="oc-a4">
         <name>.text:_PIE_disableAllInts</name>
         <load_address>0x3f7214</load_address>
         <run_address>0x3f7214</run_address>
         <size>0x11</size>
         <input_file_ref idref="fl-18"/>
      </object_component>
      <object_component id="oc-9c">
         <name>.text:_PIE_init</name>
         <load_address>0x3f7225</load_address>
         <run_address>0x3f7225</run_address>
         <size>0xa</size>
         <input_file_ref idref="fl-18"/>
      </object_component>
      <object_component id="oc-96">
         <name>.text</name>
         <load_address>0x3f722f</load_address>
         <run_address>0x3f722f</run_address>
         <size>0x9</size>
         <input_file_ref idref="fl-1e"/>
      </object_component>
      <object_component id="oc-98">
         <name>.text:_CLK_init</name>
         <load_address>0x3f7238</load_address>
         <run_address>0x3f7238</run_address>
         <size>0x8</size>
         <input_file_ref idref="fl-13"/>
      </object_component>
      <object_component id="oc-9a">
         <name>.text:_FLASH_init</name>
         <load_address>0x3f7240</load_address>
         <run_address>0x3f7240</run_address>
         <size>0x8</size>
         <input_file_ref idref="fl-16"/>
      </object_component>
      <object_component id="oc-9b">
         <name>.text:_GPIO_init</name>
         <load_address>0x3f7248</load_address>
         <run_address>0x3f7248</run_address>
         <size>0x8</size>
         <input_file_ref idref="fl-17"/>
      </object_component>
      <object_component id="oc-9d">
         <name>.text:_PLL_init</name>
         <load_address>0x3f7250</load_address>
         <run_address>0x3f7250</run_address>
         <size>0x8</size>
         <input_file_ref idref="fl-19"/>
      </object_component>
      <object_component id="oc-9f">
         <name>.text:_WDOG_disable</name>
         <load_address>0x3f7258</load_address>
         <run_address>0x3f7258</run_address>
         <size>0x8</size>
         <input_file_ref idref="fl-1a"/>
      </object_component>
      <object_component id="oc-9e">
         <name>.text:_WDOG_init</name>
         <load_address>0x3f7260</load_address>
         <run_address>0x3f7260</run_address>
         <size>0x8</size>
         <input_file_ref idref="fl-1a"/>
      </object_component>
      <object_component id="oc-27">
         <name>.text</name>
         <load_address>0x3f7268</load_address>
         <run_address>0x3f7268</run_address>
         <size>0x8</size>
         <input_file_ref idref="fl-15"/>
      </object_component>
      <object_component id="oc-a1">
         <name>.text:_CLK_disableAdcClock</name>
         <load_address>0x3f7270</load_address>
         <run_address>0x3f7270</run_address>
         <size>0x7</size>
         <input_file_ref idref="fl-13"/>
      </object_component>
      <object_component id="oc-a0">
         <name>.text:_CLK_enableAdcClock</name>
         <load_address>0x3f7277</load_address>
         <run_address>0x3f7277</run_address>
         <size>0x7</size>
         <input_file_ref idref="fl-13"/>
      </object_component>
      <object_component id="oc-a2">
         <name>.text:_CLK_setOscSrc</name>
         <load_address>0x3f727e</load_address>
         <run_address>0x3f727e</run_address>
         <size>0x7</size>
         <input_file_ref idref="fl-13"/>
      </object_component>
      <object_component id="oc-5a">
         <name>.text:_ADCINT1_ISR</name>
         <load_address>0x3f7285</load_address>
         <run_address>0x3f7285</run_address>
         <size>0x5</size>
         <input_file_ref idref="fl-1b"/>
      </object_component>
      <object_component id="oc-5b">
         <name>.text:_ADCINT2_ISR</name>
         <load_address>0x3f728a</load_address>
         <run_address>0x3f728a</run_address>
         <size>0x5</size>
         <input_file_ref idref="fl-1b"/>
      </object_component>
      <object_component id="oc-70">
         <name>.text:_ADCINT3_ISR</name>
         <load_address>0x3f728f</load_address>
         <run_address>0x3f728f</run_address>
         <size>0x5</size>
         <input_file_ref idref="fl-1b"/>
      </object_component>
      <object_component id="oc-71">
         <name>.text:_ADCINT4_ISR</name>
         <load_address>0x3f7294</load_address>
         <run_address>0x3f7294</run_address>
         <size>0x5</size>
         <input_file_ref idref="fl-1b"/>
      </object_component>
      <object_component id="oc-72">
         <name>.text:_ADCINT5_ISR</name>
         <load_address>0x3f7299</load_address>
         <run_address>0x3f7299</run_address>
         <size>0x5</size>
         <input_file_ref idref="fl-1b"/>
      </object_component>
      <object_component id="oc-73">
         <name>.text:_ADCINT6_ISR</name>
         <load_address>0x3f729e</load_address>
         <run_address>0x3f729e</run_address>
         <size>0x5</size>
         <input_file_ref idref="fl-1b"/>
      </object_component>
      <object_component id="oc-74">
         <name>.text:_ADCINT7_ISR</name>
         <load_address>0x3f72a3</load_address>
         <run_address>0x3f72a3</run_address>
         <size>0x5</size>
         <input_file_ref idref="fl-1b"/>
      </object_component>
      <object_component id="oc-75">
         <name>.text:_ADCINT8_ISR</name>
         <load_address>0x3f72a8</load_address>
         <run_address>0x3f72a8</run_address>
         <size>0x5</size>
         <input_file_ref idref="fl-1b"/>
      </object_component>
      <object_component id="oc-5e">
         <name>.text:_ADCINT9_ISR</name>
         <load_address>0x3f72ad</load_address>
         <run_address>0x3f72ad</run_address>
         <size>0x5</size>
         <input_file_ref idref="fl-1b"/>
      </object_component>
      <object_component id="oc-49">
         <name>.text:_DATALOG_ISR</name>
         <load_address>0x3f72b2</load_address>
         <run_address>0x3f72b2</run_address>
         <size>0x5</size>
         <input_file_ref idref="fl-1b"/>
      </object_component>
      <object_component id="oc-69">
         <name>.text:_ECAP1_INT_ISR</name>
         <load_address>0x3f72b7</load_address>
         <run_address>0x3f72b7</run_address>
         <size>0x5</size>
         <input_file_ref idref="fl-1b"/>
      </object_component>
      <object_component id="oc-77">
         <name>.text:_EMPTY_ISR</name>
         <load_address>0x3f72bc</load_address>
         <run_address>0x3f72bc</run_address>
         <size>0x5</size>
         <input_file_ref idref="fl-1b"/>
      </object_component>
      <object_component id="oc-4b">
         <name>.text:_EMUINT_ISR</name>
         <load_address>0x3f72c1</load_address>
         <run_address>0x3f72c1</run_address>
         <size>0x5</size>
         <input_file_ref idref="fl-1b"/>
      </object_component>
      <object_component id="oc-65">
         <name>.text:_EPWM1_INT_ISR</name>
         <load_address>0x3f72c6</load_address>
         <run_address>0x3f72c6</run_address>
         <size>0x5</size>
         <input_file_ref idref="fl-1b"/>
      </object_component>
      <object_component id="oc-61">
         <name>.text:_EPWM1_TZINT_ISR</name>
         <load_address>0x3f72cb</load_address>
         <run_address>0x3f72cb</run_address>
         <size>0x5</size>
         <input_file_ref idref="fl-1b"/>
      </object_component>
      <object_component id="oc-66">
         <name>.text:_EPWM2_INT_ISR</name>
         <load_address>0x3f72d0</load_address>
         <run_address>0x3f72d0</run_address>
         <size>0x5</size>
         <input_file_ref idref="fl-1b"/>
      </object_component>
      <object_component id="oc-62">
         <name>.text:_EPWM2_TZINT_ISR</name>
         <load_address>0x3f72d5</load_address>
         <run_address>0x3f72d5</run_address>
         <size>0x5</size>
         <input_file_ref idref="fl-1b"/>
      </object_component>
      <object_component id="oc-67">
         <name>.text:_EPWM3_INT_ISR</name>
         <load_address>0x3f72da</load_address>
         <run_address>0x3f72da</run_address>
         <size>0x5</size>
         <input_file_ref idref="fl-1b"/>
      </object_component>
      <object_component id="oc-63">
         <name>.text:_EPWM3_TZINT_ISR</name>
         <load_address>0x3f72df</load_address>
         <run_address>0x3f72df</run_address>
         <size>0x5</size>
         <input_file_ref idref="fl-1b"/>
      </object_component>
      <object_component id="oc-68">
         <name>.text:_EPWM4_INT_ISR</name>
         <load_address>0x3f72e4</load_address>
         <run_address>0x3f72e4</run_address>
         <size>0x5</size>
         <input_file_ref idref="fl-1b"/>
      </object_component>
      <object_component id="oc-64">
         <name>.text:_EPWM4_TZINT_ISR</name>
         <load_address>0x3f72e9</load_address>
         <run_address>0x3f72e9</run_address>
         <size>0x5</size>
         <input_file_ref idref="fl-1b"/>
      </object_component>
      <object_component id="oc-6c">
         <name>.text:_I2CINT1A_ISR</name>
         <load_address>0x3f72ee</load_address>
         <run_address>0x3f72ee</run_address>
         <size>0x5</size>
         <input_file_ref idref="fl-1b"/>
      </object_component>
      <object_component id="oc-6d">
         <name>.text:_I2CINT2A_ISR</name>
         <load_address>0x3f72f3</load_address>
         <run_address>0x3f72f3</run_address>
         <size>0x5</size>
         <input_file_ref idref="fl-1b"/>
      </object_component>
      <object_component id="oc-4d">
         <name>.text:_ILLEGAL_ISR</name>
         <load_address>0x3f72f8</load_address>
         <run_address>0x3f72f8</run_address>
         <size>0x5</size>
         <input_file_ref idref="fl-1b"/>
      </object_component>
      <object_component id="oc-47">
         <name>.text:_INT13_ISR</name>
         <load_address>0x3f72fd</load_address>
         <run_address>0x3f72fd</run_address>
         <size>0x5</size>
         <input_file_ref idref="fl-1b"/>
      </object_component>
      <object_component id="oc-48">
         <name>.text:_INT14_ISR</name>
         <load_address>0x3f7302</load_address>
         <run_address>0x3f7302</run_address>
         <size>0x5</size>
         <input_file_ref idref="fl-1b"/>
      </object_component>
      <object_component id="oc-4c">
         <name>.text:_NMI_ISR</name>
         <load_address>0x3f7307</load_address>
         <run_address>0x3f7307</run_address>
         <size>0x5</size>
         <input_file_ref idref="fl-1b"/>
      </object_component>
      <object_component id="oc-78">
         <name>.text:_PIE_RESERVED</name>
         <load_address>0x3f730c</load_address>
         <run_address>0x3f730c</run_address>
         <size>0x5</size>
         <input_file_ref idref="fl-1b"/>
      </object_component>
      <object_component id="oc-37">
         <name>.text:_PIE_illegalIsr</name>
         <load_address>0x3f7311</load_address>
         <run_address>0x3f7311</run_address>
         <size>0x5</size>
         <input_file_ref idref="fl-18"/>
      </object_component>
      <object_component id="oc-4a">
         <name>.text:_RTOSINT_ISR</name>
         <load_address>0x3f7316</load_address>
         <run_address>0x3f7316</run_address>
         <size>0x5</size>
         <input_file_ref idref="fl-1b"/>
      </object_component>
      <object_component id="oc-6e">
         <name>.text:_SCIRXINTA_ISR</name>
         <load_address>0x3f731b</load_address>
         <run_address>0x3f731b</run_address>
         <size>0x5</size>
         <input_file_ref idref="fl-1b"/>
      </object_component>
      <object_component id="oc-6f">
         <name>.text:_SCITXINTA_ISR</name>
         <load_address>0x3f7320</load_address>
         <run_address>0x3f7320</run_address>
         <size>0x5</size>
         <input_file_ref idref="fl-1b"/>
      </object_component>
      <object_component id="oc-6a">
         <name>.text:_SPIRXINTA_ISR</name>
         <load_address>0x3f7325</load_address>
         <run_address>0x3f7325</run_address>
         <size>0x5</size>
         <input_file_ref idref="fl-1b"/>
      </object_component>
      <object_component id="oc-6b">
         <name>.text:_SPITXINTA_ISR</name>
         <load_address>0x3f732a</load_address>
         <run_address>0x3f732a</run_address>
         <size>0x5</size>
         <input_file_ref idref="fl-1b"/>
      </object_component>
      <object_component id="oc-5f">
         <name>.text:_TINT0_ISR</name>
         <load_address>0x3f732f</load_address>
         <run_address>0x3f732f</run_address>
         <size>0x5</size>
         <input_file_ref idref="fl-1b"/>
      </object_component>
      <object_component id="oc-57">
         <name>.text:_USER10_ISR</name>
         <load_address>0x3f7334</load_address>
         <run_address>0x3f7334</run_address>
         <size>0x5</size>
         <input_file_ref idref="fl-1b"/>
      </object_component>
      <object_component id="oc-58">
         <name>.text:_USER11_ISR</name>
         <load_address>0x3f7339</load_address>
         <run_address>0x3f7339</run_address>
         <size>0x5</size>
         <input_file_ref idref="fl-1b"/>
      </object_component>
      <object_component id="oc-59">
         <name>.text:_USER12_ISR</name>
         <load_address>0x3f733e</load_address>
         <run_address>0x3f733e</run_address>
         <size>0x5</size>
         <input_file_ref idref="fl-1b"/>
      </object_component>
      <object_component id="oc-4e">
         <name>.text:_USER1_ISR</name>
         <load_address>0x3f7343</load_address>
         <run_address>0x3f7343</run_address>
         <size>0x5</size>
         <input_file_ref idref="fl-1b"/>
      </object_component>
      <object_component id="oc-4f">
         <name>.text:_USER2_ISR</name>
         <load_address>0x3f7348</load_address>
         <run_address>0x3f7348</run_address>
         <size>0x5</size>
         <input_file_ref idref="fl-1b"/>
      </object_component>
      <object_component id="oc-50">
         <name>.text:_USER3_ISR</name>
         <load_address>0x3f734d</load_address>
         <run_address>0x3f734d</run_address>
         <size>0x5</size>
         <input_file_ref idref="fl-1b"/>
      </object_component>
      <object_component id="oc-51">
         <name>.text:_USER4_ISR</name>
         <load_address>0x3f7352</load_address>
         <run_address>0x3f7352</run_address>
         <size>0x5</size>
         <input_file_ref idref="fl-1b"/>
      </object_component>
      <object_component id="oc-52">
         <name>.text:_USER5_ISR</name>
         <load_address>0x3f7357</load_address>
         <run_address>0x3f7357</run_address>
         <size>0x5</size>
         <input_file_ref idref="fl-1b"/>
      </object_component>
      <object_component id="oc-53">
         <name>.text:_USER6_ISR</name>
         <load_address>0x3f735c</load_address>
         <run_address>0x3f735c</run_address>
         <size>0x5</size>
         <input_file_ref idref="fl-1b"/>
      </object_component>
      <object_component id="oc-54">
         <name>.text:_USER7_ISR</name>
         <load_address>0x3f7361</load_address>
         <run_address>0x3f7361</run_address>
         <size>0x5</size>
         <input_file_ref idref="fl-1b"/>
      </object_component>
      <object_component id="oc-55">
         <name>.text:_USER8_ISR</name>
         <load_address>0x3f7366</load_address>
         <run_address>0x3f7366</run_address>
         <size>0x5</size>
         <input_file_ref idref="fl-1b"/>
      </object_component>
      <object_component id="oc-56">
         <name>.text:_USER9_ISR</name>
         <load_address>0x3f736b</load_address>
         <run_address>0x3f736b</run_address>
         <size>0x5</size>
         <input_file_ref idref="fl-1b"/>
      </object_component>
      <object_component id="oc-60">
         <name>.text:_WAKEINT_ISR</name>
         <load_address>0x3f7370</load_address>
         <run_address>0x3f7370</run_address>
         <size>0x5</size>
         <input_file_ref idref="fl-1b"/>
      </object_component>
      <object_component id="oc-5c">
         <name>.text:_XINT1_ISR</name>
         <load_address>0x3f7375</load_address>
         <run_address>0x3f7375</run_address>
         <size>0x5</size>
         <input_file_ref idref="fl-1b"/>
      </object_component>
      <object_component id="oc-5d">
         <name>.text:_XINT2_ISR</name>
         <load_address>0x3f737a</load_address>
         <run_address>0x3f737a</run_address>
         <size>0x5</size>
         <input_file_ref idref="fl-1b"/>
      </object_component>
      <object_component id="oc-76">
         <name>.text:_XINT3_ISR</name>
         <load_address>0x3f737f</load_address>
         <run_address>0x3f737f</run_address>
         <size>0x5</size>
         <input_file_ref idref="fl-1b"/>
      </object_component>
      <object_component id="oc-79">
         <name>.text:_rsvd_ISR</name>
         <load_address>0x3f7384</load_address>
         <run_address>0x3f7384</run_address>
         <size>0x5</size>
         <input_file_ref idref="fl-1b"/>
      </object_component>
      <object_component id="oc-99">
         <name>.text:_CPU_init</name>
         <load_address>0x3f7389</load_address>
         <run_address>0x3f7389</run_address>
         <size>0x4</size>
         <input_file_ref idref="fl-14"/>
      </object_component>
      <object_component id="oc-a6">
         <name>.text:_CPU_clearIntFlags</name>
         <load_address>0x3f738d</load_address>
         <run_address>0x3f738d</run_address>
         <size>0x3</size>
         <input_file_ref idref="fl-14"/>
      </object_component>
      <object_component id="oc-a5">
         <name>.text:_CPU_disableGlobalInts</name>
         <load_address>0x3f7390</load_address>
         <run_address>0x3f7390</run_address>
         <size>0x3</size>
         <input_file_ref idref="fl-14"/>
      </object_component>
      <object_component id="oc-a3">
         <name>.text:_PIE_disable</name>
         <load_address>0x3f7393</load_address>
         <run_address>0x3f7393</run_address>
         <size>0x3</size>
         <input_file_ref idref="fl-18"/>
      </object_component>
      <object_component id="oc-7f">
         <name>.stack</name>
         <uninitialized>true</uninitialized>
         <run_address>0x400</run_address>
         <size>0x0</size>
         <input_file_ref idref="fl-1c"/>
      </object_component>
      <object_component id="oc-c4">
         <name>.stack</name>
         <uninitialized>true</uninitialized>
         <run_address>0x400</run_address>
         <size>0x0</size>
      </object_component>
      <object_component id="oc-14">
         <name>.ebss</name>
         <uninitialized>true</uninitialized>
         <run_address>0x700</run_address>
         <size>0x8</size>
         <input_file_ref idref="fl-2"/>
      </object_component>
      <object_component id="oc-8c">
         <name>.ebss</name>
         <uninitialized>true</uninitialized>
         <run_address>0x708</run_address>
         <size>0x4</size>
         <input_file_ref idref="fl-1e"/>
      </object_component>
      <object_component id="oc-86">
         <name>.ebss</name>
         <uninitialized>true</uninitialized>
         <run_address>0x70c</run_address>
         <size>0x4</size>
         <input_file_ref idref="fl-1d"/>
      </object_component>
      <object_component id="oc-22">
         <name>.ebss</name>
         <uninitialized>true</uninitialized>
         <run_address>0x710</run_address>
         <size>0x1</size>
         <input_file_ref idref="fl-14"/>
      </object_component>
      <object_component id="oc-80">
         <name>.reset</name>
         <load_address>0x3fffc0</load_address>
         <run_address>0x3fffc0</run_address>
         <size>0x2</size>
         <input_file_ref idref="fl-1c"/>
      </object_component>
      <object_component id="oc-13">
         <name>.debug_info</name>
         <load_address>0x0</load_address>
         <run_address>0x0</run_address>
         <size>0x13a6</size>
         <input_file_ref idref="fl-2"/>
      </object_component>
      <object_component id="oc-18">
         <name>.debug_info</name>
         <load_address>0x13a6</load_address>
         <run_address>0x13a6</run_address>
         <size>0x3a4</size>
         <input_file_ref idref="fl-12"/>
      </object_component>
      <object_component id="oc-1c">
         <name>.debug_info</name>
         <load_address>0x174a</load_address>
         <run_address>0x174a</run_address>
         <size>0xdf8</size>
         <input_file_ref idref="fl-13"/>
      </object_component>
      <object_component id="oc-21">
         <name>.debug_info</name>
         <load_address>0x2542</load_address>
         <run_address>0x2542</run_address>
         <size>0x78a</size>
         <input_file_ref idref="fl-14"/>
      </object_component>
      <object_component id="oc-28">
         <name>.debug_info</name>
         <load_address>0x2ccc</load_address>
         <run_address>0x2ccc</run_address>
         <size>0x1eb</size>
         <input_file_ref idref="fl-15"/>
      </object_component>
      <object_component id="oc-2c">
         <name>.debug_info</name>
         <load_address>0x2eb7</load_address>
         <run_address>0x2eb7</run_address>
         <size>0xc8c</size>
         <input_file_ref idref="fl-16"/>
      </object_component>
      <object_component id="oc-31">
         <name>.debug_info</name>
         <load_address>0x3b43</load_address>
         <run_address>0x3b43</run_address>
         <size>0x16c5</size>
         <input_file_ref idref="fl-17"/>
      </object_component>
      <object_component id="oc-36">
         <name>.debug_info</name>
         <load_address>0x5208</load_address>
         <run_address>0x5208</run_address>
         <size>0x276a</size>
         <input_file_ref idref="fl-18"/>
      </object_component>
      <object_component id="oc-3c">
         <name>.debug_info</name>
         <load_address>0x7972</load_address>
         <run_address>0x7972</run_address>
         <size>0x744</size>
         <input_file_ref idref="fl-19"/>
      </object_component>
      <object_component id="oc-41">
         <name>.debug_info</name>
         <load_address>0x80b6</load_address>
         <run_address>0x80b6</run_address>
         <size>0x7a9</size>
         <input_file_ref idref="fl-1a"/>
      </object_component>
      <object_component id="oc-46">
         <name>.debug_info</name>
         <load_address>0x885f</load_address>
         <run_address>0x885f</run_address>
         <size>0x2d3e</size>
         <input_file_ref idref="fl-1b"/>
      </object_component>
      <object_component id="oc-81">
         <name>.debug_info</name>
         <load_address>0xb59d</load_address>
         <run_address>0xb59d</run_address>
         <size>0xdf</size>
         <input_file_ref idref="fl-1c"/>
      </object_component>
      <object_component id="oc-84">
         <name>.debug_info</name>
         <load_address>0xb67c</load_address>
         <run_address>0xb67c</run_address>
         <size>0x3d7</size>
         <input_file_ref idref="fl-1d"/>
      </object_component>
      <object_component id="oc-8a">
         <name>.debug_info</name>
         <load_address>0xba53</load_address>
         <run_address>0xba53</run_address>
         <size>0x3fd</size>
         <input_file_ref idref="fl-1e"/>
      </object_component>
      <object_component id="oc-90">
         <name>.debug_info</name>
         <load_address>0xbe50</load_address>
         <run_address>0xbe50</run_address>
         <size>0x3be</size>
         <input_file_ref idref="fl-1f"/>
      </object_component>
      <object_component id="oc-c7">
         <name>.debug_info</name>
         <load_address>0xc20e</load_address>
         <run_address>0xc20e</run_address>
         <size>0xa0</size>
      </object_component>
      <object_component id="oc-15">
         <name>.debug_frame</name>
         <load_address>0x0</load_address>
         <run_address>0x0</run_address>
         <size>0xd2</size>
         <input_file_ref idref="fl-2"/>
      </object_component>
      <object_component id="oc-19">
         <name>.debug_frame</name>
         <load_address>0xd2</load_address>
         <run_address>0xd2</run_address>
         <size>0x7c</size>
         <input_file_ref idref="fl-12"/>
      </object_component>
      <object_component id="oc-1d">
         <name>.debug_frame</name>
         <load_address>0x14e</load_address>
         <run_address>0x14e</run_address>
         <size>0xb6</size>
         <input_file_ref idref="fl-13"/>
      </object_component>
      <object_component id="oc-23">
         <name>.debug_frame</name>
         <load_address>0x204</load_address>
         <run_address>0x204</run_address>
         <size>0xa1</size>
         <input_file_ref idref="fl-14"/>
      </object_component>
      <object_component id="oc-2d">
         <name>.debug_frame</name>
         <load_address>0x2a5</load_address>
         <run_address>0x2a5</run_address>
         <size>0x77</size>
         <input_file_ref idref="fl-16"/>
      </object_component>
      <object_component id="oc-32">
         <name>.debug_frame</name>
         <load_address>0x31c</load_address>
         <run_address>0x31c</run_address>
         <size>0x8c</size>
         <input_file_ref idref="fl-17"/>
      </object_component>
      <object_component id="oc-38">
         <name>.debug_frame</name>
         <load_address>0x3a8</load_address>
         <run_address>0x3a8</run_address>
         <size>0xb6</size>
         <input_file_ref idref="fl-18"/>
      </object_component>
      <object_component id="oc-3d">
         <name>.debug_frame</name>
         <load_address>0x45e</load_address>
         <run_address>0x45e</run_address>
         <size>0x77</size>
         <input_file_ref idref="fl-19"/>
      </object_component>
      <object_component id="oc-42">
         <name>.debug_frame</name>
         <load_address>0x4d5</load_address>
         <run_address>0x4d5</run_address>
         <size>0x8c</size>
         <input_file_ref idref="fl-1a"/>
      </object_component>
      <object_component id="oc-7a">
         <name>.debug_frame</name>
         <load_address>0x561</load_address>
         <run_address>0x561</run_address>
         <size>0x491</size>
         <input_file_ref idref="fl-1b"/>
      </object_component>
      <object_component id="oc-87">
         <name>.debug_frame</name>
         <load_address>0x9f2</load_address>
         <run_address>0x9f2</run_address>
         <size>0x9d</size>
         <input_file_ref idref="fl-1d"/>
      </object_component>
      <object_component id="oc-8d">
         <name>.debug_frame</name>
         <load_address>0xa8f</load_address>
         <run_address>0xa8f</run_address>
         <size>0xac</size>
         <input_file_ref idref="fl-1e"/>
      </object_component>
      <object_component id="oc-91">
         <name>.debug_frame</name>
         <load_address>0xb3b</load_address>
         <run_address>0xb3b</run_address>
         <size>0x7c</size>
         <input_file_ref idref="fl-1f"/>
      </object_component>
      <object_component id="oc-16">
         <name>.debug_line</name>
         <load_address>0x0</load_address>
         <run_address>0x0</run_address>
         <size>0xcb</size>
         <input_file_ref idref="fl-2"/>
      </object_component>
      <object_component id="oc-1a">
         <name>.debug_line</name>
         <load_address>0xcb</load_address>
         <run_address>0xcb</run_address>
         <size>0x59</size>
         <input_file_ref idref="fl-12"/>
      </object_component>
      <object_component id="oc-1e">
         <name>.debug_line</name>
         <load_address>0x124</load_address>
         <run_address>0x124</run_address>
         <size>0xda</size>
         <input_file_ref idref="fl-13"/>
      </object_component>
      <object_component id="oc-24">
         <name>.debug_line</name>
         <load_address>0x1fe</load_address>
         <run_address>0x1fe</run_address>
         <size>0xb0</size>
         <input_file_ref idref="fl-14"/>
      </object_component>
      <object_component id="oc-29">
         <name>.debug_line</name>
         <load_address>0x2ae</load_address>
         <run_address>0x2ae</run_address>
         <size>0x9d</size>
         <input_file_ref idref="fl-15"/>
      </object_component>
      <object_component id="oc-2e">
         <name>.debug_line</name>
         <load_address>0x34b</load_address>
         <run_address>0x34b</run_address>
         <size>0x84</size>
         <input_file_ref idref="fl-16"/>
      </object_component>
      <object_component id="oc-33">
         <name>.debug_line</name>
         <load_address>0x3cf</load_address>
         <run_address>0x3cf</run_address>
         <size>0xb5</size>
         <input_file_ref idref="fl-17"/>
      </object_component>
      <object_component id="oc-39">
         <name>.debug_line</name>
         <load_address>0x484</load_address>
         <run_address>0x484</run_address>
         <size>0xd6</size>
         <input_file_ref idref="fl-18"/>
      </object_component>
      <object_component id="oc-3e">
         <name>.debug_line</name>
         <load_address>0x55a</load_address>
         <run_address>0x55a</run_address>
         <size>0x82</size>
         <input_file_ref idref="fl-19"/>
      </object_component>
      <object_component id="oc-43">
         <name>.debug_line</name>
         <load_address>0x5dc</load_address>
         <run_address>0x5dc</run_address>
         <size>0xa3</size>
         <input_file_ref idref="fl-1a"/>
      </object_component>
      <object_component id="oc-7b">
         <name>.debug_line</name>
         <load_address>0x67f</load_address>
         <run_address>0x67f</run_address>
         <size>0x4fb</size>
         <input_file_ref idref="fl-1b"/>
      </object_component>
      <object_component id="oc-82">
         <name>.debug_line</name>
         <load_address>0xb7a</load_address>
         <run_address>0xb7a</run_address>
         <size>0x70</size>
         <input_file_ref idref="fl-1c"/>
      </object_component>
      <object_component id="oc-88">
         <name>.debug_line</name>
         <load_address>0xbea</load_address>
         <run_address>0xbea</run_address>
         <size>0x5a</size>
         <input_file_ref idref="fl-1d"/>
      </object_component>
      <object_component id="oc-8e">
         <name>.debug_line</name>
         <load_address>0xc44</load_address>
         <run_address>0xc44</run_address>
         <size>0x5b</size>
         <input_file_ref idref="fl-1e"/>
      </object_component>
      <object_component id="oc-92">
         <name>.debug_line</name>
         <load_address>0xc9f</load_address>
         <run_address>0xc9f</run_address>
         <size>0x56</size>
         <input_file_ref idref="fl-1f"/>
      </object_component>
      <object_component id="oc-17">
         <name>.debug_abbrev</name>
         <load_address>0x0</load_address>
         <run_address>0x0</run_address>
         <size>0x147</size>
         <input_file_ref idref="fl-2"/>
      </object_component>
      <object_component id="oc-1b">
         <name>.debug_abbrev</name>
         <load_address>0x147</load_address>
         <run_address>0x147</run_address>
         <size>0xa6</size>
         <input_file_ref idref="fl-12"/>
      </object_component>
      <object_component id="oc-1f">
         <name>.debug_abbrev</name>
         <load_address>0x1ed</load_address>
         <run_address>0x1ed</run_address>
         <size>0x174</size>
         <input_file_ref idref="fl-13"/>
      </object_component>
      <object_component id="oc-25">
         <name>.debug_abbrev</name>
         <load_address>0x361</load_address>
         <run_address>0x361</run_address>
         <size>0x11b</size>
         <input_file_ref idref="fl-14"/>
      </object_component>
      <object_component id="oc-2a">
         <name>.debug_abbrev</name>
         <load_address>0x47c</load_address>
         <run_address>0x47c</run_address>
         <size>0x21</size>
         <input_file_ref idref="fl-15"/>
      </object_component>
      <object_component id="oc-2f">
         <name>.debug_abbrev</name>
         <load_address>0x49d</load_address>
         <run_address>0x49d</run_address>
         <size>0x16e</size>
         <input_file_ref idref="fl-16"/>
      </object_component>
      <object_component id="oc-34">
         <name>.debug_abbrev</name>
         <load_address>0x60b</load_address>
         <run_address>0x60b</run_address>
         <size>0x16b</size>
         <input_file_ref idref="fl-17"/>
      </object_component>
      <object_component id="oc-3a">
         <name>.debug_abbrev</name>
         <load_address>0x776</load_address>
         <run_address>0x776</run_address>
         <size>0x1d9</size>
         <input_file_ref idref="fl-18"/>
      </object_component>
      <object_component id="oc-3f">
         <name>.debug_abbrev</name>
         <load_address>0x94f</load_address>
         <run_address>0x94f</run_address>
         <size>0x182</size>
         <input_file_ref idref="fl-19"/>
      </object_component>
      <object_component id="oc-44">
         <name>.debug_abbrev</name>
         <load_address>0xad1</load_address>
         <run_address>0xad1</run_address>
         <size>0x11d</size>
         <input_file_ref idref="fl-1a"/>
      </object_component>
      <object_component id="oc-7c">
         <name>.debug_abbrev</name>
         <load_address>0xbee</load_address>
         <run_address>0xbee</run_address>
         <size>0xb6</size>
         <input_file_ref idref="fl-1b"/>
      </object_component>
      <object_component id="oc-83">
         <name>.debug_abbrev</name>
         <load_address>0xca4</load_address>
         <run_address>0xca4</run_address>
         <size>0x43</size>
         <input_file_ref idref="fl-1c"/>
      </object_component>
      <object_component id="oc-89">
         <name>.debug_abbrev</name>
         <load_address>0xce7</load_address>
         <run_address>0xce7</run_address>
         <size>0x10c</size>
         <input_file_ref idref="fl-1d"/>
      </object_component>
      <object_component id="oc-8f">
         <name>.debug_abbrev</name>
         <load_address>0xdf3</load_address>
         <run_address>0xdf3</run_address>
         <size>0xa9</size>
         <input_file_ref idref="fl-1e"/>
      </object_component>
      <object_component id="oc-93">
         <name>.debug_abbrev</name>
         <load_address>0xe9c</load_address>
         <run_address>0xe9c</run_address>
         <size>0xed</size>
         <input_file_ref idref="fl-1f"/>
      </object_component>
      <object_component id="oc-c8">
         <name>.debug_abbrev</name>
         <load_address>0xf89</load_address>
         <run_address>0xf89</run_address>
         <size>0xf</size>
      </object_component>
      <object_component id="oc-20">
         <name>.debug_aranges</name>
         <load_address>0x0</load_address>
         <run_address>0x0</run_address>
         <size>0x38</size>
         <input_file_ref idref="fl-13"/>
      </object_component>
      <object_component id="oc-26">
         <name>.debug_aranges</name>
         <load_address>0x38</load_address>
         <run_address>0x38</run_address>
         <size>0x30</size>
         <input_file_ref idref="fl-14"/>
      </object_component>
      <object_component id="oc-2b">
         <name>.debug_aranges</name>
         <load_address>0x68</load_address>
         <run_address>0x68</run_address>
         <size>0x28</size>
         <input_file_ref idref="fl-15"/>
      </object_component>
      <object_component id="oc-30">
         <name>.debug_aranges</name>
         <load_address>0x90</load_address>
         <run_address>0x90</run_address>
         <size>0x20</size>
         <input_file_ref idref="fl-16"/>
      </object_component>
      <object_component id="oc-35">
         <name>.debug_aranges</name>
         <load_address>0xb0</load_address>
         <run_address>0xb0</run_address>
         <size>0x28</size>
         <input_file_ref idref="fl-17"/>
      </object_component>
      <object_component id="oc-3b">
         <name>.debug_aranges</name>
         <load_address>0xd8</load_address>
         <run_address>0xd8</run_address>
         <size>0x38</size>
         <input_file_ref idref="fl-18"/>
      </object_component>
      <object_component id="oc-40">
         <name>.debug_aranges</name>
         <load_address>0x110</load_address>
         <run_address>0x110</run_address>
         <size>0x20</size>
         <input_file_ref idref="fl-19"/>
      </object_component>
      <object_component id="oc-45">
         <name>.debug_aranges</name>
         <load_address>0x130</load_address>
         <run_address>0x130</run_address>
         <size>0x28</size>
         <input_file_ref idref="fl-1a"/>
      </object_component>
      <object_component id="oc-7d">
         <name>.debug_aranges</name>
         <load_address>0x158</load_address>
         <run_address>0x158</run_address>
         <size>0x1b0</size>
         <input_file_ref idref="fl-1b"/>
      </object_component>
   </object_component_list>
   <logical_group_list>
      <logical_group id="lg-2" display="no" color="cyan">
         <name>codestart</name>
         <load_address>0x3f7ff6</load_address>
         <run_address>0x3f7ff6</run_address>
         <size>0x2</size>
         <contents>
            <object_component_ref idref="oc-12"/>
         </contents>
      </logical_group>
      <logical_group id="lg-3" display="no" color="cyan">
         <name>ramfuncs</name>
         <run_address>0x50</run_address>
         <size>0x0</size>
         <contents>
         </contents>
      </logical_group>
      <logical_group id="lg-4" display="no" color="cyan">
         <name>.cinit</name>
         <load_address>0x3f7396</load_address>
         <run_address>0x3f7396</run_address>
         <size>0x16</size>
         <contents>
            <object_component_ref idref="oc-8b"/>
            <object_component_ref idref="oc-85"/>
         </contents>
      </logical_group>
      <logical_group id="lg-5" display="no" color="cyan">
         <name>.pinit</name>
         <run_address>0x0</run_address>
         <size>0x0</size>
         <contents>
         </contents>
      </logical_group>
      <logical_group id="lg-c5" display="no" color="cyan">
         <name>.text</name>
         <load_address>0x3f7000</load_address>
         <run_address>0x3f7000</run_address>
         <size>0x396</size>
         <contents>
            <object_component_ref idref="oc-97"/>
            <object_component_ref idref="oc-7e"/>
            <object_component_ref idref="oc-a8"/>
            <object_component_ref idref="oc-a7"/>
            <object_component_ref idref="oc-94"/>
            <object_component_ref idref="oc-95"/>
            <object_component_ref idref="oc-a4"/>
            <object_component_ref idref="oc-9c"/>
            <object_component_ref idref="oc-96"/>
            <object_component_ref idref="oc-98"/>
            <object_component_ref idref="oc-9a"/>
            <object_component_ref idref="oc-9b"/>
            <object_component_ref idref="oc-9d"/>
            <object_component_ref idref="oc-9f"/>
            <object_component_ref idref="oc-9e"/>
            <object_component_ref idref="oc-27"/>
            <object_component_ref idref="oc-a1"/>
            <object_component_ref idref="oc-a0"/>
            <object_component_ref idref="oc-a2"/>
            <object_component_ref idref="oc-5a"/>
            <object_component_ref idref="oc-5b"/>
            <object_component_ref idref="oc-70"/>
            <object_component_ref idref="oc-71"/>
            <object_component_ref idref="oc-72"/>
            <object_component_ref idref="oc-73"/>
            <object_component_ref idref="oc-74"/>
            <object_component_ref idref="oc-75"/>
            <object_component_ref idref="oc-5e"/>
            <object_component_ref idref="oc-49"/>
            <object_component_ref idref="oc-69"/>
            <object_component_ref idref="oc-77"/>
            <object_component_ref idref="oc-4b"/>
            <object_component_ref idref="oc-65"/>
            <object_component_ref idref="oc-61"/>
            <object_component_ref idref="oc-66"/>
            <object_component_ref idref="oc-62"/>
            <object_component_ref idref="oc-67"/>
            <object_component_ref idref="oc-63"/>
            <object_component_ref idref="oc-68"/>
            <object_component_ref idref="oc-64"/>
            <object_component_ref idref="oc-6c"/>
            <object_component_ref idref="oc-6d"/>
            <object_component_ref idref="oc-4d"/>
            <object_component_ref idref="oc-47"/>
            <object_component_ref idref="oc-48"/>
            <object_component_ref idref="oc-4c"/>
            <object_component_ref idref="oc-78"/>
            <object_component_ref idref="oc-37"/>
            <object_component_ref idref="oc-4a"/>
            <object_component_ref idref="oc-6e"/>
            <object_component_ref idref="oc-6f"/>
            <object_component_ref idref="oc-6a"/>
            <object_component_ref idref="oc-6b"/>
            <object_component_ref idref="oc-5f"/>
            <object_component_ref idref="oc-57"/>
            <object_component_ref idref="oc-58"/>
            <object_component_ref idref="oc-59"/>
            <object_component_ref idref="oc-4e"/>
            <object_component_ref idref="oc-4f"/>
            <object_component_ref idref="oc-50"/>
            <object_component_ref idref="oc-51"/>
            <object_component_ref idref="oc-52"/>
            <object_component_ref idref="oc-53"/>
            <object_component_ref idref="oc-54"/>
            <object_component_ref idref="oc-55"/>
            <object_component_ref idref="oc-56"/>
            <object_component_ref idref="oc-60"/>
            <object_component_ref idref="oc-5c"/>
            <object_component_ref idref="oc-5d"/>
            <object_component_ref idref="oc-76"/>
            <object_component_ref idref="oc-79"/>
            <object_component_ref idref="oc-99"/>
            <object_component_ref idref="oc-a6"/>
            <object_component_ref idref="oc-a5"/>
            <object_component_ref idref="oc-a3"/>
         </contents>
      </logical_group>
      <split_section id="lg-6" display="no" color="cyan">
         <name>.text</name>
         <contents>
            <logical_group_ref idref="lg-c5"/>
         </contents>
      </split_section>
      <logical_group id="lg-7" display="no" color="cyan">
         <name>csmpasswds</name>
         <run_address>0x0</run_address>
         <size>0x0</size>
         <contents>
         </contents>
      </logical_group>
      <logical_group id="lg-8" display="no" color="cyan">
         <name>csm_rsvd</name>
         <run_address>0x0</run_address>
         <size>0x0</size>
         <contents>
         </contents>
      </logical_group>
      <logical_group id="lg-9" display="no" color="cyan">
         <name>.stack</name>
         <run_address>0x400</run_address>
         <size>0x300</size>
         <contents>
            <object_component_ref idref="oc-7f"/>
            <object_component_ref idref="oc-c4"/>
         </contents>
      </logical_group>
      <logical_group id="lg-c6" display="no" color="cyan">
         <name>.ebss</name>
         <run_address>0x700</run_address>
         <size>0x11</size>
         <contents>
            <object_component_ref idref="oc-14"/>
            <object_component_ref idref="oc-8c"/>
            <object_component_ref idref="oc-86"/>
            <object_component_ref idref="oc-22"/>
         </contents>
      </logical_group>
      <split_section id="lg-a" display="no" color="cyan">
         <name>.ebss</name>
         <contents>
            <logical_group_ref idref="lg-c6"/>
         </contents>
      </split_section>
      <logical_group id="lg-b" display="no" color="cyan">
         <name>.esysmem</name>
         <run_address>0x0</run_address>
         <size>0x0</size>
         <contents>
         </contents>
      </logical_group>
      <logical_group id="lg-c" display="no" color="cyan">
         <name>.econst</name>
         <run_address>0x0</run_address>
         <size>0x0</size>
         <contents>
         </contents>
      </logical_group>
      <logical_group id="lg-d" display="no" color="cyan">
         <name>.switch</name>
         <run_address>0x0</run_address>
         <size>0x0</size>
         <contents>
         </contents>
      </logical_group>
      <logical_group id="lg-e" display="no" color="cyan">
         <name>IQmath</name>
         <run_address>0x0</run_address>
         <size>0x0</size>
         <contents>
         </contents>
      </logical_group>
      <logical_group id="lg-f" display="no" color="cyan">
         <name>IQmathTables</name>
         <run_address>0x0</run_address>
         <size>0x0</size>
         <contents>
         </contents>
      </logical_group>
      <logical_group id="lg-10" display="no" color="cyan">
         <name>.reset</name>
         <load_address>0x3fffc0</load_address>
         <run_address>0x3fffc0</run_address>
         <size>0x2</size>
         <contents>
            <object_component_ref idref="oc-80"/>
         </contents>
      </logical_group>
      <logical_group id="lg-11" display="no" color="cyan">
         <name>vectors</name>
         <run_address>0x3fffc2</run_address>
         <size>0x0</size>
         <contents>
         </contents>
      </logical_group>
      <logical_group id="lg-b9" display="never" color="cyan">
         <name>.debug_info</name>
         <load_address>0x0</load_address>
         <run_address>0x0</run_address>
         <size>0xc2ae</size>
         <contents>
            <object_component_ref idref="oc-13"/>
            <object_component_ref idref="oc-18"/>
            <object_component_ref idref="oc-1c"/>
            <object_component_ref idref="oc-21"/>
            <object_component_ref idref="oc-28"/>
            <object_component_ref idref="oc-2c"/>
            <object_component_ref idref="oc-31"/>
            <object_component_ref idref="oc-36"/>
            <object_component_ref idref="oc-3c"/>
            <object_component_ref idref="oc-41"/>
            <object_component_ref idref="oc-46"/>
            <object_component_ref idref="oc-81"/>
            <object_component_ref idref="oc-84"/>
            <object_component_ref idref="oc-8a"/>
            <object_component_ref idref="oc-90"/>
            <object_component_ref idref="oc-c7"/>
         </contents>
      </logical_group>
      <logical_group id="lg-bb" display="never" color="cyan">
         <name>.debug_frame</name>
         <load_address>0x0</load_address>
         <run_address>0x0</run_address>
         <size>0xbb7</size>
         <contents>
            <object_component_ref idref="oc-15"/>
            <object_component_ref idref="oc-19"/>
            <object_component_ref idref="oc-1d"/>
            <object_component_ref idref="oc-23"/>
            <object_component_ref idref="oc-2d"/>
            <object_component_ref idref="oc-32"/>
            <object_component_ref idref="oc-38"/>
            <object_component_ref idref="oc-3d"/>
            <object_component_ref idref="oc-42"/>
            <object_component_ref idref="oc-7a"/>
            <object_component_ref idref="oc-87"/>
            <object_component_ref idref="oc-8d"/>
            <object_component_ref idref="oc-91"/>
         </contents>
      </logical_group>
      <logical_group id="lg-bd" display="never" color="cyan">
         <name>.debug_line</name>
         <load_address>0x0</load_address>
         <run_address>0x0</run_address>
         <size>0xcf5</size>
         <contents>
            <object_component_ref idref="oc-16"/>
            <object_component_ref idref="oc-1a"/>
            <object_component_ref idref="oc-1e"/>
            <object_component_ref idref="oc-24"/>
            <object_component_ref idref="oc-29"/>
            <object_component_ref idref="oc-2e"/>
            <object_component_ref idref="oc-33"/>
            <object_component_ref idref="oc-39"/>
            <object_component_ref idref="oc-3e"/>
            <object_component_ref idref="oc-43"/>
            <object_component_ref idref="oc-7b"/>
            <object_component_ref idref="oc-82"/>
            <object_component_ref idref="oc-88"/>
            <object_component_ref idref="oc-8e"/>
            <object_component_ref idref="oc-92"/>
         </contents>
      </logical_group>
      <logical_group id="lg-bf" display="never" color="cyan">
         <name>.debug_abbrev</name>
         <load_address>0x0</load_address>
         <run_address>0x0</run_address>
         <size>0xf98</size>
         <contents>
            <object_component_ref idref="oc-17"/>
            <object_component_ref idref="oc-1b"/>
            <object_component_ref idref="oc-1f"/>
            <object_component_ref idref="oc-25"/>
            <object_component_ref idref="oc-2a"/>
            <object_component_ref idref="oc-2f"/>
            <object_component_ref idref="oc-34"/>
            <object_component_ref idref="oc-3a"/>
            <object_component_ref idref="oc-3f"/>
            <object_component_ref idref="oc-44"/>
            <object_component_ref idref="oc-7c"/>
            <object_component_ref idref="oc-83"/>
            <object_component_ref idref="oc-89"/>
            <object_component_ref idref="oc-8f"/>
            <object_component_ref idref="oc-93"/>
            <object_component_ref idref="oc-c8"/>
         </contents>
      </logical_group>
      <logical_group id="lg-c1" display="never" color="cyan">
         <name>.debug_aranges</name>
         <load_address>0x0</load_address>
         <run_address>0x0</run_address>
         <size>0x308</size>
         <contents>
            <object_component_ref idref="oc-20"/>
            <object_component_ref idref="oc-26"/>
            <object_component_ref idref="oc-2b"/>
            <object_component_ref idref="oc-30"/>
            <object_component_ref idref="oc-35"/>
            <object_component_ref idref="oc-3b"/>
            <object_component_ref idref="oc-40"/>
            <object_component_ref idref="oc-45"/>
            <object_component_ref idref="oc-7d"/>
         </contents>
      </logical_group>
   </logical_group_list>
   <placement_map>
      <memory_area display="yes" color="green">
         <name>RAMM0</name>
         <page_id>0x0</page_id>
         <origin>0x50</origin>
         <length>0x3b0</length>
         <used_space>0x0</used_space>
         <unused_space>0x3b0</unused_space>
         <attributes>RWIX</attributes>
         <usage_details>
            <allocated_space>
               <start_address>0x50</start_address>
               <size>0x0</size>
               <logical_group_ref idref="lg-3"/>
            </allocated_space>
            <available_space>
               <start_address>0x50</start_address>
               <size>0x3b0</size>
            </available_space>
         </usage_details>
      </memory_area>
      <memory_area display="yes" color="green">
         <name>OTP</name>
         <page_id>0x0</page_id>
         <origin>0x3d7800</origin>
         <length>0x400</length>
         <used_space>0x0</used_space>
         <unused_space>0x400</unused_space>
         <attributes>RWIX</attributes>
         <usage_details>
         </usage_details>
      </memory_area>
      <memory_area display="yes" color="green">
         <name>FLASHB</name>
         <page_id>0x0</page_id>
         <origin>0x3f6000</origin>
         <length>0x1000</length>
         <used_space>0x0</used_space>
         <unused_space>0x1000</unused_space>
         <attributes>RWIX</attributes>
         <usage_details>
         </usage_details>
      </memory_area>
      <memory_area display="yes" color="green">
         <name>FLASHA</name>
         <page_id>0x0</page_id>
         <origin>0x3f7000</origin>
         <length>0xf80</length>
         <used_space>0x3ac</used_space>
         <unused_space>0xbd4</unused_space>
         <attributes>RWIX</attributes>
         <usage_details>
            <allocated_space>
               <start_address>0x3f7000</start_address>
               <size>0x396</size>
               <logical_group_ref idref="lg-c5"/>
            </allocated_space>
            <allocated_space>
               <start_address>0x3f7396</start_address>
               <size>0x16</size>
               <logical_group_ref idref="lg-4"/>
            </allocated_space>
            <available_space>
               <start_address>0x3f73ac</start_address>
               <size>0xbd4</size>
            </available_space>
         </usage_details>
      </memory_area>
      <memory_area display="yes" color="green">
         <name>CSM_RSVD</name>
         <page_id>0x0</page_id>
         <origin>0x3f7f80</origin>
         <length>0x76</length>
         <used_space>0x0</used_space>
         <unused_space>0x76</unused_space>
         <attributes>RWIX</attributes>
         <usage_details>
         </usage_details>
      </memory_area>
      <memory_area display="no" color="green">
         <name>BEGIN</name>
         <page_id>0x0</page_id>
         <origin>0x3f7ff6</origin>
         <length>0x2</length>
         <used_space>0x2</used_space>
         <unused_space>0x0</unused_space>
         <attributes>RWIX</attributes>
         <usage_details>
            <allocated_space>
               <start_address>0x3f7ff6</start_address>
               <size>0x2</size>
               <logical_group_ref idref="lg-2"/>
            </allocated_space>
         </usage_details>
      </memory_area>
      <memory_area display="no" color="green">
         <name>CSM_PWL_P0</name>
         <page_id>0x0</page_id>
         <origin>0x3f7ff8</origin>
         <length>0x8</length>
         <used_space>0x0</used_space>
         <unused_space>0x8</unused_space>
         <attributes>RWIX</attributes>
         <usage_details>
         </usage_details>
      </memory_area>
      <memory_area display="yes" color="green">
         <name>IQTABLES</name>
         <page_id>0x0</page_id>
         <origin>0x3fe000</origin>
         <length>0xb50</length>
         <used_space>0x0</used_space>
         <unused_space>0xb50</unused_space>
         <attributes>RWIX</attributes>
         <usage_details>
         </usage_details>
      </memory_area>
      <memory_area display="yes" color="green">
         <name>IQTABLES2</name>
         <page_id>0x0</page_id>
         <origin>0x3feb50</origin>
         <length>0x8c</length>
         <used_space>0x0</used_space>
         <unused_space>0x8c</unused_space>
         <attributes>RWIX</attributes>
         <usage_details>
         </usage_details>
      </memory_area>
      <memory_area display="yes" color="green">
         <name>IQTABLES3</name>
         <page_id>0x0</page_id>
         <origin>0x3febdc</origin>
         <length>0xaa</length>
         <used_space>0x0</used_space>
         <unused_space>0xaa</unused_space>
         <attributes>RWIX</attributes>
         <usage_details>
         </usage_details>
      </memory_area>
      <memory_area display="yes" color="green">
         <name>ROM</name>
         <page_id>0x0</page_id>
         <origin>0x3ff27c</origin>
         <length>0xd44</length>
         <used_space>0x0</used_space>
         <unused_space>0xd44</unused_space>
         <attributes>RWIX</attributes>
         <usage_details>
         </usage_details>
      </memory_area>
      <memory_area display="no" color="green">
         <name>RESET</name>
         <page_id>0x0</page_id>
         <origin>0x3fffc0</origin>
         <length>0x2</length>
         <used_space>0x0</used_space>
         <unused_space>0x2</unused_space>
         <attributes>RWIX</attributes>
         <usage_details>
         </usage_details>
      </memory_area>
      <memory_area display="no" color="green">
         <name>VECTORS</name>
         <page_id>0x0</page_id>
         <origin>0x3fffc2</origin>
         <length>0x3e</length>
         <used_space>0x0</used_space>
         <unused_space>0x3e</unused_space>
         <attributes>RWIX</attributes>
         <usage_details>
         </usage_details>
      </memory_area>
      <memory_area display="no" color="green">
         <name>BOOT_RSVD</name>
         <page_id>0x1</page_id>
         <origin>0x0</origin>
         <length>0x50</length>
         <used_space>0x0</used_space>
         <unused_space>0x50</unused_space>
         <attributes>RWIX</attributes>
         <usage_details>
         </usage_details>
      </memory_area>
      <memory_area display="yes" color="green">
         <name>RAMM1</name>
         <page_id>0x1</page_id>
         <origin>0x400</origin>
         <length>0x400</length>
         <used_space>0x311</used_space>
         <unused_space>0xef</unused_space>
         <attributes>RWIX</attributes>
         <usage_details>
            <allocated_space>
               <start_address>0x400</start_address>
               <size>0x300</size>
               <logical_group_ref idref="lg-9"/>
            </allocated_space>
            <allocated_space>
               <start_address>0x700</start_address>
               <size>0x11</size>
               <logical_group_ref idref="lg-c6"/>
            </allocated_space>
            <available_space>
               <start_address>0x711</start_address>
               <size>0xef</size>
            </available_space>
         </usage_details>
      </memory_area>
      <memory_area display="yes" color="green">
         <name>RAML0</name>
         <page_id>0x1</page_id>
         <origin>0x8000</origin>
         <length>0x400</length>
         <used_space>0x0</used_space>
         <unused_space>0x400</unused_space>
         <attributes>RWIX</attributes>
         <usage_details>
         </usage_details>
      </memory_area>
   </placement_map>
   <symbol_table>
      <symbol id="sm-0">
         <name>_RamfuncsLoadStart</name>
         <value>0x50</value>
      </symbol>
      <symbol id="sm-1">
         <name>_RamfuncsLoadSize</name>
         <value>0x0</value>
      </symbol>
      <symbol id="sm-2">
         <name>_RamfuncsRunStart</name>
         <value>0x50</value>
      </symbol>
      <symbol id="sm-3">
         <name>cinit</name>
         <value>0x3f7396</value>
      </symbol>
      <symbol id="sm-4">
         <name>___cinit__</name>
         <value>0x3f7396</value>
      </symbol>
      <symbol id="sm-5">
         <name>pinit</name>
         <value>0xffffffff</value>
      </symbol>
      <symbol id="sm-6">
         <name>___pinit__</name>
         <value>0xffffffff</value>
      </symbol>
      <symbol id="sm-7">
         <name>binit</name>
         <value>0xffffffff</value>
      </symbol>
      <symbol id="sm-8">
         <name>___binit__</name>
         <value>0xffffffff</value>
      </symbol>
      <symbol id="sm-9">
         <name>__STACK_SIZE</name>
         <value>0x300</value>
      </symbol>
      <symbol id="sm-a">
         <name>__STACK_END</name>
         <value>0x700</value>
      </symbol>
      <symbol id="sm-b">
         <name>___c_args__</name>
         <value>0xffffffff</value>
      </symbol>
      <symbol id="sm-c">
         <name>.text</name>
         <value>0xffffffff</value>
      </symbol>
      <symbol id="sm-d">
         <name>___text__</name>
         <value>0xffffffff</value>
      </symbol>
      <symbol id="sm-e">
         <name>etext</name>
         <value>0xffffffff</value>
      </symbol>
      <symbol id="sm-f">
         <name>___etext__</name>
         <value>0xffffffff</value>
      </symbol>
      <symbol id="sm-48">
         <name>_main</name>
         <value>0x3f7000</value>
         <object_component_ref idref="oc-97"/>
      </symbol>
      <symbol id="sm-49">
         <name>_myPie</name>
         <value>0x702</value>
         <object_component_ref idref="oc-14"/>
      </symbol>
      <symbol id="sm-4a">
         <name>_Gpio_example1</name>
         <value>0x3f706b</value>
         <object_component_ref idref="oc-97"/>
      </symbol>
      <symbol id="sm-4b">
         <name>_myGpio</name>
         <value>0x704</value>
         <object_component_ref idref="oc-14"/>
      </symbol>
      <symbol id="sm-4c">
         <name>_Gpio_setup</name>
         <value>0x3f709a</value>
         <object_component_ref idref="oc-97"/>
      </symbol>
      <symbol id="sm-4d">
         <name>_myClk</name>
         <value>0x700</value>
         <object_component_ref idref="oc-14"/>
      </symbol>
      <symbol id="sm-4e">
         <name>_myFlash</name>
         <value>0x706</value>
         <object_component_ref idref="oc-14"/>
      </symbol>
      <symbol id="sm-4f">
         <name>_delay_loop</name>
         <value>0x3f708a</value>
         <object_component_ref idref="oc-97"/>
      </symbol>
      <symbol id="sm-5e">
         <name>___memcpy_ff</name>
         <value>0x3f71c1</value>
         <object_component_ref idref="oc-a7"/>
      </symbol>
      <symbol id="sm-72">
         <name>_CLK_enableAdcClock</name>
         <value>0x3f7277</value>
         <object_component_ref idref="oc-a0"/>
      </symbol>
      <symbol id="sm-73">
         <name>_CLK_disableAdcClock</name>
         <value>0x3f7270</value>
         <object_component_ref idref="oc-a1"/>
      </symbol>
      <symbol id="sm-74">
         <name>_CLK_setOscSrc</name>
         <value>0x3f727e</value>
         <object_component_ref idref="oc-a2"/>
      </symbol>
      <symbol id="sm-75">
         <name>_CLK_init</name>
         <value>0x3f7238</value>
         <object_component_ref idref="oc-98"/>
      </symbol>
      <symbol id="sm-88">
         <name>_CPU_disableGlobalInts</name>
         <value>0x3f7390</value>
         <object_component_ref idref="oc-a5"/>
      </symbol>
      <symbol id="sm-89">
         <name>_CPU_clearIntFlags</name>
         <value>0x3f738d</value>
         <object_component_ref idref="oc-a6"/>
      </symbol>
      <symbol id="sm-8a">
         <name>_CPU_init</name>
         <value>0x3f7389</value>
         <object_component_ref idref="oc-99"/>
      </symbol>
      <symbol id="sm-8b">
         <name>_cpu</name>
         <value>0x710</value>
         <object_component_ref idref="oc-22"/>
      </symbol>
      <symbol id="sm-9a">
         <name>code_start</name>
         <value>0x3f7ff6</value>
         <object_component_ref idref="oc-12"/>
      </symbol>
      <symbol id="sm-a8">
         <name>_FLASH_init</name>
         <value>0x3f7240</value>
         <object_component_ref idref="oc-9a"/>
      </symbol>
      <symbol id="sm-ba">
         <name>_GPIO_init</name>
         <value>0x3f7248</value>
         <object_component_ref idref="oc-9b"/>
      </symbol>
      <symbol id="sm-bb">
         <name>_GPIO_setPullUp</name>
         <value>0x3f7198</value>
         <object_component_ref idref="oc-a8"/>
      </symbol>
      <symbol id="sm-d2">
         <name>_PIE_disableAllInts</name>
         <value>0x3f7214</value>
         <object_component_ref idref="oc-a4"/>
      </symbol>
      <symbol id="sm-d3">
         <name>_PIE_disable</name>
         <value>0x3f7393</value>
         <object_component_ref idref="oc-a3"/>
      </symbol>
      <symbol id="sm-d4">
         <name>_PIE_illegalIsr</name>
         <value>0x3f7311</value>
         <object_component_ref idref="oc-37"/>
      </symbol>
      <symbol id="sm-d5">
         <name>_PIE_init</name>
         <value>0x3f7225</value>
         <object_component_ref idref="oc-9c"/>
      </symbol>
      <symbol id="sm-e3">
         <name>_PLL_init</name>
         <value>0x3f7250</value>
         <object_component_ref idref="oc-9d"/>
      </symbol>
      <symbol id="sm-f3">
         <name>_WDOG_init</name>
         <value>0x3f7260</value>
         <object_component_ref idref="oc-9e"/>
      </symbol>
      <symbol id="sm-f4">
         <name>_WDOG_disable</name>
         <value>0x3f7258</value>
         <object_component_ref idref="oc-9f"/>
      </symbol>
      <symbol id="sm-196">
         <name>_ILLEGAL_ISR</name>
         <value>0x3f72f8</value>
         <object_component_ref idref="oc-4d"/>
      </symbol>
      <symbol id="sm-197">
         <name>_ADCINT4_ISR</name>
         <value>0x3f7294</value>
         <object_component_ref idref="oc-71"/>
      </symbol>
      <symbol id="sm-198">
         <name>_DATALOG_ISR</name>
         <value>0x3f72b2</value>
         <object_component_ref idref="oc-49"/>
      </symbol>
      <symbol id="sm-199">
         <name>_SPITXINTA_ISR</name>
         <value>0x3f732a</value>
         <object_component_ref idref="oc-6b"/>
      </symbol>
      <symbol id="sm-19a">
         <name>_SPIRXINTA_ISR</name>
         <value>0x3f7325</value>
         <object_component_ref idref="oc-6a"/>
      </symbol>
      <symbol id="sm-19b">
         <name>_INT13_ISR</name>
         <value>0x3f72fd</value>
         <object_component_ref idref="oc-47"/>
      </symbol>
      <symbol id="sm-19c">
         <name>_ADCINT5_ISR</name>
         <value>0x3f7299</value>
         <object_component_ref idref="oc-72"/>
      </symbol>
      <symbol id="sm-19d">
         <name>_EPWM4_INT_ISR</name>
         <value>0x3f72e4</value>
         <object_component_ref idref="oc-68"/>
      </symbol>
      <symbol id="sm-19e">
         <name>_USER5_ISR</name>
         <value>0x3f7357</value>
         <object_component_ref idref="oc-52"/>
      </symbol>
      <symbol id="sm-19f">
         <name>_EMPTY_ISR</name>
         <value>0x3f72bc</value>
         <object_component_ref idref="oc-77"/>
      </symbol>
      <symbol id="sm-1a0">
         <name>_EPWM4_TZINT_ISR</name>
         <value>0x3f72e9</value>
         <object_component_ref idref="oc-64"/>
      </symbol>
      <symbol id="sm-1a1">
         <name>_EMUINT_ISR</name>
         <value>0x3f72c1</value>
         <object_component_ref idref="oc-4b"/>
      </symbol>
      <symbol id="sm-1a2">
         <name>_ECAP1_INT_ISR</name>
         <value>0x3f72b7</value>
         <object_component_ref idref="oc-69"/>
      </symbol>
      <symbol id="sm-1a3">
         <name>_EPWM1_TZINT_ISR</name>
         <value>0x3f72cb</value>
         <object_component_ref idref="oc-61"/>
      </symbol>
      <symbol id="sm-1a4">
         <name>_ADCINT6_ISR</name>
         <value>0x3f729e</value>
         <object_component_ref idref="oc-73"/>
      </symbol>
      <symbol id="sm-1a5">
         <name>_ADCINT8_ISR</name>
         <value>0x3f72a8</value>
         <object_component_ref idref="oc-75"/>
      </symbol>
      <symbol id="sm-1a6">
         <name>_USER11_ISR</name>
         <value>0x3f7339</value>
         <object_component_ref idref="oc-58"/>
      </symbol>
      <symbol id="sm-1a7">
         <name>_EPWM3_TZINT_ISR</name>
         <value>0x3f72df</value>
         <object_component_ref idref="oc-63"/>
      </symbol>
      <symbol id="sm-1a8">
         <name>_USER4_ISR</name>
         <value>0x3f7352</value>
         <object_component_ref idref="oc-51"/>
      </symbol>
      <symbol id="sm-1a9">
         <name>_EPWM2_TZINT_ISR</name>
         <value>0x3f72d5</value>
         <object_component_ref idref="oc-62"/>
      </symbol>
      <symbol id="sm-1aa">
         <name>_EPWM2_INT_ISR</name>
         <value>0x3f72d0</value>
         <object_component_ref idref="oc-66"/>
      </symbol>
      <symbol id="sm-1ab">
         <name>_TINT0_ISR</name>
         <value>0x3f732f</value>
         <object_component_ref idref="oc-5f"/>
      </symbol>
      <symbol id="sm-1ac">
         <name>_WAKEINT_ISR</name>
         <value>0x3f7370</value>
         <object_component_ref idref="oc-60"/>
      </symbol>
      <symbol id="sm-1ad">
         <name>_ADCINT7_ISR</name>
         <value>0x3f72a3</value>
         <object_component_ref idref="oc-74"/>
      </symbol>
      <symbol id="sm-1ae">
         <name>_ADCINT9_ISR</name>
         <value>0x3f72ad</value>
         <object_component_ref idref="oc-5e"/>
      </symbol>
      <symbol id="sm-1af">
         <name>_USER10_ISR</name>
         <value>0x3f7334</value>
         <object_component_ref idref="oc-57"/>
      </symbol>
      <symbol id="sm-1b0">
         <name>_USER7_ISR</name>
         <value>0x3f7361</value>
         <object_component_ref idref="oc-54"/>
      </symbol>
      <symbol id="sm-1b1">
         <name>_XINT1_ISR</name>
         <value>0x3f7375</value>
         <object_component_ref idref="oc-5c"/>
      </symbol>
      <symbol id="sm-1b2">
         <name>_INT14_ISR</name>
         <value>0x3f7302</value>
         <object_component_ref idref="oc-48"/>
      </symbol>
      <symbol id="sm-1b3">
         <name>_USER6_ISR</name>
         <value>0x3f735c</value>
         <object_component_ref idref="oc-53"/>
      </symbol>
      <symbol id="sm-1b4">
         <name>_ADCINT1_ISR</name>
         <value>0x3f7285</value>
         <object_component_ref idref="oc-5a"/>
      </symbol>
      <symbol id="sm-1b5">
         <name>_USER12_ISR</name>
         <value>0x3f733e</value>
         <object_component_ref idref="oc-59"/>
      </symbol>
      <symbol id="sm-1b6">
         <name>_USER1_ISR</name>
         <value>0x3f7343</value>
         <object_component_ref idref="oc-4e"/>
      </symbol>
      <symbol id="sm-1b7">
         <name>_XINT3_ISR</name>
         <value>0x3f737f</value>
         <object_component_ref idref="oc-76"/>
      </symbol>
      <symbol id="sm-1b8">
         <name>_NMI_ISR</name>
         <value>0x3f7307</value>
         <object_component_ref idref="oc-4c"/>
      </symbol>
      <symbol id="sm-1b9">
         <name>_ADCINT2_ISR</name>
         <value>0x3f728a</value>
         <object_component_ref idref="oc-5b"/>
      </symbol>
      <symbol id="sm-1ba">
         <name>_PIE_RESERVED</name>
         <value>0x3f730c</value>
         <object_component_ref idref="oc-78"/>
      </symbol>
      <symbol id="sm-1bb">
         <name>_I2CINT1A_ISR</name>
         <value>0x3f72ee</value>
         <object_component_ref idref="oc-6c"/>
      </symbol>
      <symbol id="sm-1bc">
         <name>_XINT2_ISR</name>
         <value>0x3f737a</value>
         <object_component_ref idref="oc-5d"/>
      </symbol>
      <symbol id="sm-1bd">
         <name>_I2CINT2A_ISR</name>
         <value>0x3f72f3</value>
         <object_component_ref idref="oc-6d"/>
      </symbol>
      <symbol id="sm-1be">
         <name>_RTOSINT_ISR</name>
         <value>0x3f7316</value>
         <object_component_ref idref="oc-4a"/>
      </symbol>
      <symbol id="sm-1bf">
         <name>_EPWM3_INT_ISR</name>
         <value>0x3f72da</value>
         <object_component_ref idref="oc-67"/>
      </symbol>
      <symbol id="sm-1c0">
         <name>_ADCINT3_ISR</name>
         <value>0x3f728f</value>
         <object_component_ref idref="oc-70"/>
      </symbol>
      <symbol id="sm-1c1">
         <name>_USER9_ISR</name>
         <value>0x3f736b</value>
         <object_component_ref idref="oc-56"/>
      </symbol>
      <symbol id="sm-1c2">
         <name>_USER3_ISR</name>
         <value>0x3f734d</value>
         <object_component_ref idref="oc-50"/>
      </symbol>
      <symbol id="sm-1c3">
         <name>_USER8_ISR</name>
         <value>0x3f7366</value>
         <object_component_ref idref="oc-55"/>
      </symbol>
      <symbol id="sm-1c4">
         <name>_EPWM1_INT_ISR</name>
         <value>0x3f72c6</value>
         <object_component_ref idref="oc-65"/>
      </symbol>
      <symbol id="sm-1c5">
         <name>_USER2_ISR</name>
         <value>0x3f7348</value>
         <object_component_ref idref="oc-4f"/>
      </symbol>
      <symbol id="sm-1c6">
         <name>_SCITXINTA_ISR</name>
         <value>0x3f7320</value>
         <object_component_ref idref="oc-6f"/>
      </symbol>
      <symbol id="sm-1c7">
         <name>_SCIRXINTA_ISR</name>
         <value>0x3f731b</value>
         <object_component_ref idref="oc-6e"/>
      </symbol>
      <symbol id="sm-1c8">
         <name>_rsvd_ISR</name>
         <value>0x3f7384</value>
         <object_component_ref idref="oc-79"/>
      </symbol>
      <symbol id="sm-1dc">
         <name>_c_int00</name>
         <value>0x3f7154</value>
         <object_component_ref idref="oc-7e"/>
      </symbol>
      <symbol id="sm-1dd">
         <name>__stack</name>
         <value>0x400</value>
         <object_component_ref idref="oc-7f"/>
      </symbol>
      <symbol id="sm-1ee">
         <name>C$$EXIT</name>
         <value>0x3f71fb</value>
         <object_component_ref idref="oc-95"/>
      </symbol>
      <symbol id="sm-1ef">
         <name>_exit</name>
         <value>0x3f71fd</value>
         <object_component_ref idref="oc-95"/>
      </symbol>
      <symbol id="sm-1f0">
         <name>___TI_cleanup_ptr</name>
         <value>0x70c</value>
         <object_component_ref idref="oc-86"/>
      </symbol>
      <symbol id="sm-1f1">
         <name>_abort</name>
         <value>0x3f71fb</value>
         <object_component_ref idref="oc-95"/>
      </symbol>
      <symbol id="sm-1f2">
         <name>___TI_dtors_ptr</name>
         <value>0x70e</value>
         <object_component_ref idref="oc-86"/>
      </symbol>
      <symbol id="sm-200">
         <name>__unlock</name>
         <value>0x708</value>
         <object_component_ref idref="oc-8c"/>
      </symbol>
      <symbol id="sm-201">
         <name>__lock</name>
         <value>0x70a</value>
         <object_component_ref idref="oc-8c"/>
      </symbol>
      <symbol id="sm-202">
         <name>__register_lock</name>
         <value>0x3f7233</value>
         <object_component_ref idref="oc-96"/>
      </symbol>
      <symbol id="sm-203">
         <name>__nop</name>
         <value>0x3f7237</value>
         <object_component_ref idref="oc-96"/>
      </symbol>
      <symbol id="sm-204">
         <name>__register_unlock</name>
         <value>0x3f722f</value>
         <object_component_ref idref="oc-96"/>
      </symbol>
      <symbol id="sm-210">
         <name>__args_main</name>
         <value>0x3f71e2</value>
         <object_component_ref idref="oc-94"/>
      </symbol>
      <symbol id="sm-211">
         <name>__TI_args_main</name>
         <value>0x1</value>
      </symbol>
   </symbol_table>
   <title>Link successful</title>
</link_info>
