******************************************************************************
             TMS320C2000 Linker PC v6.2.10                     
******************************************************************************
>> Linked Sun Oct 25 17:46:36 2015

OUTPUT FILE NAME:   <c28_test5.out>
ENTRY POINT SYMBOL: "_c_int00"  address: 00008128


MEMORY CONFIGURATION

         name            origin    length      used     unused   attr    fill
----------------------  --------  ---------  --------  --------  ----  --------
PAGE 0:
  BEGIN                 00000000   00000002  00000000  00000002  RWIX
  RAMM0                 00000050   000003b0  00000016  0000039a  RWIX
  PRAML0                00008000   00000900  0000034d  000005b3  RWIX
  IQTABLES              003fe000   00000b50  00000000  00000b50  RWIX
  IQTABLES2             003feb50   0000008c  00000000  0000008c  RWIX
  IQTABLES3             003febdc   000000aa  00000000  000000aa  RWIX
  BOOTROM               003ff27c   00000d44  00000000  00000d44  RWIX
  RESET                 003fffc0   00000002  00000000  00000002  RWIX

PAGE 1:
  BOOT_RSVD             00000002   0000004e  00000000  0000004e  RWIX
  RAMM1                 00000400   00000400  00000300  00000100  RWIX
  DEV_EMU               00000880   00000105  00000004  00000101  RWIX
  SYS_PWR_CTL           00000985   00000003  00000003  00000000  RWIX
  FLASH_REGS            00000a80   00000060  00000008  00000058  RWIX
  CSM                   00000ae0   00000010  00000010  00000000  RWIX
  ADC_RESULT            00000b00   00000020  00000020  00000000  RWIX
  CPU_TIMER0            00000c00   00000008  00000008  00000000  RWIX
  CPU_TIMER1            00000c08   00000008  00000008  00000000  RWIX
  CPU_TIMER2            00000c10   00000008  00000008  00000000  RWIX
  PIE_CTRL              00000ce0   00000020  0000001a  00000006  RWIX
  PIE_VECT              00000d00   00000100  00000100  00000000  RWIX
  COMP1                 00006400   00000020  00000011  0000000f  RWIX
  COMP2                 00006420   00000020  00000011  0000000f  RWIX
  EPWM1                 00006800   00000040  00000040  00000000  RWIX
  EPWM2                 00006840   00000040  00000040  00000000  RWIX
  EPWM3                 00006880   00000040  00000040  00000000  RWIX
  EPWM4                 000068c0   00000040  00000040  00000000  RWIX
  ECAP1                 00006a00   00000020  00000020  00000000  RWIX
  GPIOCTRL              00006f80   00000040  00000040  00000000  RWIX
  GPIODAT               00006fc0   00000020  00000020  00000000  RWIX
  GPIOINT               00006fe0   00000020  0000000a  00000016  RWIX
  SYSTEM                00007010   00000020  0000001f  00000001  RWIX
  SPIA                  00007040   00000010  00000010  00000000  RWIX
  SCIA                  00007050   00000010  00000010  00000000  RWIX
  NMIINTRUPT            00007060   00000010  00000010  00000000  RWIX
  XINTRUPT              00007070   00000010  00000010  00000000  RWIX
  ADC                   00007100   00000080  00000051  0000002f  RWIX
  I2CA                  00007900   00000040  00000022  0000001e  RWIX
  DRAML0                00008900   00000700  00000111  000005ef  RWIX
  PARTID                003d7fff   00000001  00000001  00000000  RWIX
  CSM_PWL               003f7ff8   00000008  00000008  00000000  RWIX


SECTION ALLOCATION MAP

 output                                  attributes/
section   page    origin      length       input sections
--------  ----  ----------  ----------   ----------------
.pinit     0    00000050    00000000     UNINITIALIZED

.cinit     0    00000050    00000016     
                  00000050    0000000a     rts2800_ml.lib : _lock.obj (.cinit)
                  0000005a    0000000a                    : exit.obj (.cinit)
                  00000064    00000002     --HOLE-- [fill = 0]

.text      0    00008000    0000034d     
                  00008000    00000128     main.obj (.text)
                  00008128    00000044     rts2800_ml.lib : boot.obj (.text)
                  0000816c    00000019                    : args_main.obj (.text)
                  00008185    00000019                    : exit.obj (.text)
                  0000819e    00000015     driverlib.lib : pll.obj (.text:_PLL_setup)
                  000081b3    00000011                   : pie.obj (.text:_PIE_disableAllInts)
                  000081c4    00000011                   : pie.obj (.text:_PIE_setDebugIntVectorTable)
                  000081d5    0000000a                   : pie.obj (.text:_PIE_init)
                  000081df    00000009     rts2800_ml.lib : _lock.obj (.text)
                  000081e8    00000008     driverlib.lib : clk.obj (.text:_CLK_init)
                  000081f0    00000008                   : flash.obj (.text:_FLASH_init)
                  000081f8    00000008                   : gpio.obj (.text:_GPIO_init)
                  00008200    00000008                   : pll.obj (.text:_PLL_init)
                  00008208    00000008                   : wdog.obj (.text:_WDOG_disable)
                  00008210    00000008                   : wdog.obj (.text:_WDOG_init)
                  00008218    00000007                   : clk.obj (.text:_CLK_disableAdcClock)
                  0000821f    00000007                   : clk.obj (.text:_CLK_enableAdcClock)
                  00008226    00000007                   : pll.obj (.text:_PLL_setDivider)
                  0000822d    00000006                   : pll.obj (.text:_PLL_setMultiplier)
                  00008233    00000005                   : f2802xx_defaultisr.obj (.text:_ADCINT1_ISR)
                  00008238    00000005                   : f2802xx_defaultisr.obj (.text:_ADCINT2_ISR)
                  0000823d    00000005                   : f2802xx_defaultisr.obj (.text:_ADCINT3_ISR)
                  00008242    00000005                   : f2802xx_defaultisr.obj (.text:_ADCINT4_ISR)
                  00008247    00000005                   : f2802xx_defaultisr.obj (.text:_ADCINT5_ISR)
                  0000824c    00000005                   : f2802xx_defaultisr.obj (.text:_ADCINT6_ISR)
                  00008251    00000005                   : f2802xx_defaultisr.obj (.text:_ADCINT7_ISR)
                  00008256    00000005                   : f2802xx_defaultisr.obj (.text:_ADCINT8_ISR)
                  0000825b    00000005                   : f2802xx_defaultisr.obj (.text:_ADCINT9_ISR)
                  00008260    00000005                   : f2802xx_defaultisr.obj (.text:_DATALOG_ISR)
                  00008265    00000005                   : f2802xx_defaultisr.obj (.text:_ECAP1_INT_ISR)
                  0000826a    00000005                   : f2802xx_defaultisr.obj (.text:_EMPTY_ISR)
                  0000826f    00000005                   : f2802xx_defaultisr.obj (.text:_EMUINT_ISR)
                  00008274    00000005                   : f2802xx_defaultisr.obj (.text:_EPWM1_INT_ISR)
                  00008279    00000005                   : f2802xx_defaultisr.obj (.text:_EPWM1_TZINT_ISR)
                  0000827e    00000005                   : f2802xx_defaultisr.obj (.text:_EPWM2_INT_ISR)
                  00008283    00000005                   : f2802xx_defaultisr.obj (.text:_EPWM2_TZINT_ISR)
                  00008288    00000005                   : f2802xx_defaultisr.obj (.text:_EPWM3_INT_ISR)
                  0000828d    00000005                   : f2802xx_defaultisr.obj (.text:_EPWM3_TZINT_ISR)
                  00008292    00000005                   : f2802xx_defaultisr.obj (.text:_EPWM4_INT_ISR)
                  00008297    00000005                   : f2802xx_defaultisr.obj (.text:_EPWM4_TZINT_ISR)
                  0000829c    00000005                   : f2802xx_defaultisr.obj (.text:_I2CINT1A_ISR)
                  000082a1    00000005                   : f2802xx_defaultisr.obj (.text:_I2CINT2A_ISR)
                  000082a6    00000005                   : f2802xx_defaultisr.obj (.text:_ILLEGAL_ISR)
                  000082ab    00000005                   : f2802xx_defaultisr.obj (.text:_INT13_ISR)
                  000082b0    00000005                   : f2802xx_defaultisr.obj (.text:_INT14_ISR)
                  000082b5    00000005                   : f2802xx_defaultisr.obj (.text:_NMI_ISR)
                  000082ba    00000005                   : f2802xx_defaultisr.obj (.text:_PIE_RESERVED)
                  000082bf    00000005                   : pie.obj (.text:_PIE_illegalIsr)
                  000082c4    00000005                   : f2802xx_defaultisr.obj (.text:_RTOSINT_ISR)
                  000082c9    00000005                   : f2802xx_defaultisr.obj (.text:_SCIRXINTA_ISR)
                  000082ce    00000005                   : f2802xx_defaultisr.obj (.text:_SCITXINTA_ISR)
                  000082d3    00000005                   : f2802xx_defaultisr.obj (.text:_SPIRXINTA_ISR)
                  000082d8    00000005                   : f2802xx_defaultisr.obj (.text:_SPITXINTA_ISR)
                  000082dd    00000005                   : f2802xx_defaultisr.obj (.text:_TINT0_ISR)
                  000082e2    00000005                   : f2802xx_defaultisr.obj (.text:_USER10_ISR)
                  000082e7    00000005                   : f2802xx_defaultisr.obj (.text:_USER11_ISR)
                  000082ec    00000005                   : f2802xx_defaultisr.obj (.text:_USER12_ISR)
                  000082f1    00000005                   : f2802xx_defaultisr.obj (.text:_USER1_ISR)
                  000082f6    00000005                   : f2802xx_defaultisr.obj (.text:_USER2_ISR)
                  000082fb    00000005                   : f2802xx_defaultisr.obj (.text:_USER3_ISR)
                  00008300    00000005                   : f2802xx_defaultisr.obj (.text:_USER4_ISR)
                  00008305    00000005                   : f2802xx_defaultisr.obj (.text:_USER5_ISR)
                  0000830a    00000005                   : f2802xx_defaultisr.obj (.text:_USER6_ISR)
                  0000830f    00000005                   : f2802xx_defaultisr.obj (.text:_USER7_ISR)
                  00008314    00000005                   : f2802xx_defaultisr.obj (.text:_USER8_ISR)
                  00008319    00000005                   : f2802xx_defaultisr.obj (.text:_USER9_ISR)
                  0000831e    00000005                   : f2802xx_defaultisr.obj (.text:_WAKEINT_ISR)
                  00008323    00000005                   : f2802xx_defaultisr.obj (.text:_XINT1_ISR)
                  00008328    00000005                   : f2802xx_defaultisr.obj (.text:_XINT2_ISR)
                  0000832d    00000005                   : f2802xx_defaultisr.obj (.text:_XINT3_ISR)
                  00008332    00000005                   : f2802xx_defaultisr.obj (.text:_rsvd_ISR)
                  00008337    00000004                   : cpu.obj (.text:_CPU_init)
                  0000833b    00000003                   : cpu.obj (.text:_CPU_clearIntFlags)
                  0000833e    00000003                   : cpu.obj (.text:_CPU_disableGlobalInts)
                  00008341    00000003                   : pie.obj (.text:_PIE_disable)
                  00008344    00000003                   : pie.obj (.text:_PIE_enable)
                  00008347    00000003                   : pll.obj (.text:_PLL_getClkStatus)
                  0000834a    00000003                   : pll.obj (.text:_PLL_getLockStatus)

.reset     0    003fffc0    00000002     DSECT
                  003fffc0    00000002     rts2800_ml.lib : boot.obj (.reset)

.stack     1    00000400    00000300     UNINITIALIZED
                  00000400    00000300     --HOLE--

DevEmuRegsFile 
*          1    00000880    00000004     UNINITIALIZED
                  00000880    00000004     F2802x_GlobalVariableDefs.obj (DevEmuRegsFile)

SysPwrCtrlRegsFile 
*          1    00000985    00000003     UNINITIALIZED
                  00000985    00000003     F2802x_GlobalVariableDefs.obj (SysPwrCtrlRegsFile)

FlashRegsFile 
*          1    00000a80    00000008     UNINITIALIZED
                  00000a80    00000008     F2802x_GlobalVariableDefs.obj (FlashRegsFile)

CsmRegsFile 
*          1    00000ae0    00000010     UNINITIALIZED
                  00000ae0    00000010     F2802x_GlobalVariableDefs.obj (CsmRegsFile)

AdcResultFile 
*          1    00000b00    00000020     UNINITIALIZED
                  00000b00    00000020     F2802x_GlobalVariableDefs.obj (AdcResultFile)

CpuTimer0RegsFile 
*          1    00000c00    00000008     UNINITIALIZED
                  00000c00    00000008     F2802x_GlobalVariableDefs.obj (CpuTimer0RegsFile)

CpuTimer1RegsFile 
*          1    00000c08    00000008     UNINITIALIZED
                  00000c08    00000008     F2802x_GlobalVariableDefs.obj (CpuTimer1RegsFile)

CpuTimer2RegsFile 
*          1    00000c10    00000008     UNINITIALIZED
                  00000c10    00000008     F2802x_GlobalVariableDefs.obj (CpuTimer2RegsFile)

PieCtrlRegsFile 
*          1    00000ce0    0000001a     UNINITIALIZED
                  00000ce0    0000001a     F2802x_GlobalVariableDefs.obj (PieCtrlRegsFile)

EmuKeyVar 
*          1    00000d00    00000001     UNINITIALIZED
                  00000d00    00000001     F2802x_GlobalVariableDefs.obj (EmuKeyVar)

PieVectTableFile 
*          1    00000d00    00000100     UNINITIALIZED
                  00000d00    00000100     F2802x_GlobalVariableDefs.obj (PieVectTableFile)

EmuBModeVar 
*          1    00000d01    00000001     UNINITIALIZED
                  00000d01    00000001     F2802x_GlobalVariableDefs.obj (EmuBModeVar)

FlashCallbackVar 
*          1    00000d02    00000002     UNINITIALIZED
                  00000d02    00000002     F2802x_GlobalVariableDefs.obj (FlashCallbackVar)

FlashScalingVar 
*          1    00000d04    00000002     UNINITIALIZED
                  00000d04    00000002     F2802x_GlobalVariableDefs.obj (FlashScalingVar)

Comp1RegsFile 
*          1    00006400    00000011     UNINITIALIZED
                  00006400    00000011     F2802x_GlobalVariableDefs.obj (Comp1RegsFile)

Comp2RegsFile 
*          1    00006420    00000011     UNINITIALIZED
                  00006420    00000011     F2802x_GlobalVariableDefs.obj (Comp2RegsFile)

EPwm1RegsFile 
*          1    00006800    00000040     UNINITIALIZED
                  00006800    00000040     F2802x_GlobalVariableDefs.obj (EPwm1RegsFile)

EPwm2RegsFile 
*          1    00006840    00000040     UNINITIALIZED
                  00006840    00000040     F2802x_GlobalVariableDefs.obj (EPwm2RegsFile)

EPwm3RegsFile 
*          1    00006880    00000040     UNINITIALIZED
                  00006880    00000040     F2802x_GlobalVariableDefs.obj (EPwm3RegsFile)

EPwm4RegsFile 
*          1    000068c0    00000040     UNINITIALIZED
                  000068c0    00000040     F2802x_GlobalVariableDefs.obj (EPwm4RegsFile)

ECap1RegsFile 
*          1    00006a00    00000020     UNINITIALIZED
                  00006a00    00000020     F2802x_GlobalVariableDefs.obj (ECap1RegsFile)

GpioCtrlRegsFile 
*          1    00006f80    00000040     UNINITIALIZED
                  00006f80    00000040     F2802x_GlobalVariableDefs.obj (GpioCtrlRegsFile)

GpioDataRegsFile 
*          1    00006fc0    00000020     UNINITIALIZED
                  00006fc0    00000020     F2802x_GlobalVariableDefs.obj (GpioDataRegsFile)

GpioIntRegsFile 
*          1    00006fe0    0000000a     UNINITIALIZED
                  00006fe0    0000000a     F2802x_GlobalVariableDefs.obj (GpioIntRegsFile)

SysCtrlRegsFile 
*          1    00007010    0000001f     UNINITIALIZED
                  00007010    0000001f     F2802x_GlobalVariableDefs.obj (SysCtrlRegsFile)

SpiaRegsFile 
*          1    00007040    00000010     UNINITIALIZED
                  00007040    00000010     F2802x_GlobalVariableDefs.obj (SpiaRegsFile)

SciaRegsFile 
*          1    00007050    00000010     UNINITIALIZED
                  00007050    00000010     F2802x_GlobalVariableDefs.obj (SciaRegsFile)

NmiIntruptRegsFile 
*          1    00007060    00000010     UNINITIALIZED
                  00007060    00000010     F2802x_GlobalVariableDefs.obj (NmiIntruptRegsFile)

XIntruptRegsFile 
*          1    00007070    00000010     UNINITIALIZED
                  00007070    00000010     F2802x_GlobalVariableDefs.obj (XIntruptRegsFile)

AdcRegsFile 
*          1    00007100    00000051     UNINITIALIZED
                  00007100    00000051     F2802x_GlobalVariableDefs.obj (AdcRegsFile)

I2caRegsFile 
*          1    00007900    00000022     UNINITIALIZED
                  00007900    00000022     F2802x_GlobalVariableDefs.obj (I2caRegsFile)

.econst    1    00008900    00000100     
                  00008900    00000100     driverlib.lib : pie.obj (.econst:_PIE_tableDebugInit)

.ebss      1    00008a00    00000011     UNINITIALIZED
                  00008a00    00000008     main.obj (.ebss)
                  00008a08    00000004     rts2800_ml.lib : _lock.obj (.ebss)
                  00008a0c    00000004                    : exit.obj (.ebss)
                  00008a10    00000001     driverlib.lib : cpu.obj (.ebss)

PartIdRegsFile 
*          1    003d7fff    00000001     UNINITIALIZED
                  003d7fff    00000001     F2802x_GlobalVariableDefs.obj (PartIdRegsFile)

CsmPwlFile 
*          1    003f7ff8    00000008     UNINITIALIZED
                  003f7ff8    00000008     F2802x_GlobalVariableDefs.obj (CsmPwlFile)


GLOBAL DATA SYMBOLS: SORTED BY DATA PAGE

address     data page           name
--------    ----------------    ----
00000400      10 (00000400)     __stack

00000880      22 (00000880)     _DevEmuRegs

00000985      26 (00000980)     _SysPwrCtrlRegs

00000a80      2a (00000a80)     _FlashRegs

00000ae0      2b (00000ac0)     _CsmRegs

00000b00      2c (00000b00)     _AdcResult

00000c00      30 (00000c00)     _CpuTimer0Regs
00000c08      30 (00000c00)     _CpuTimer1Regs
00000c10      30 (00000c00)     _CpuTimer2Regs

00000ce0      33 (00000cc0)     _PieCtrlRegs

00000d00      34 (00000d00)     _EmuKey
00000d00      34 (00000d00)     _PieVectTable
00000d01      34 (00000d00)     _EmuBMode
00000d02      34 (00000d00)     _Flash_CallbackPtr
00000d04      34 (00000d00)     _Flash_CPUScaleFactor

00006400     190 (00006400)     _Comp1Regs
00006420     190 (00006400)     _Comp2Regs

00006800     1a0 (00006800)     _EPwm1Regs

00006840     1a1 (00006840)     _EPwm2Regs

00006880     1a2 (00006880)     _EPwm3Regs

000068c0     1a3 (000068c0)     _EPwm4Regs

00006a00     1a8 (00006a00)     _ECap1Regs

00006f80     1be (00006f80)     _GpioCtrlRegs

00006fc0     1bf (00006fc0)     _GpioDataRegs
00006fe0     1bf (00006fc0)     _GpioIntRegs

00007010     1c0 (00007000)     _SysCtrlRegs

00007040     1c1 (00007040)     _SpiaRegs
00007050     1c1 (00007040)     _SciaRegs
00007060     1c1 (00007040)     _NmiIntruptRegs
00007070     1c1 (00007040)     _XIntruptRegs

00007100     1c4 (00007100)     _AdcRegs

00007900     1e4 (00007900)     _I2caRegs

00008900     224 (00008900)     _PIE_tableDebugInit

00008a00     228 (00008a00)     _myClk
00008a02     228 (00008a00)     _myGpio
00008a04     228 (00008a00)     _myFlash
00008a06     228 (00008a00)     _myPie
00008a08     228 (00008a00)     __unlock
00008a0a     228 (00008a00)     __lock
00008a0c     228 (00008a00)     ___TI_cleanup_ptr
00008a0e     228 (00008a00)     ___TI_dtors_ptr
00008a10     228 (00008a00)     _cpu

003d7fff    f5ff (003d7fc0)     _PartIdRegs

003f7ff8    fdff (003f7fc0)     _CsmPwl


GLOBAL SYMBOLS: SORTED ALPHABETICALLY BY Name 

address    name
--------   ----
00008000   .text
00008185   C$$EXIT
00008233   _ADCINT1_ISR
00008238   _ADCINT2_ISR
0000823d   _ADCINT3_ISR
00008242   _ADCINT4_ISR
00008247   _ADCINT5_ISR
0000824c   _ADCINT6_ISR
00008251   _ADCINT7_ISR
00008256   _ADCINT8_ISR
0000825b   _ADCINT9_ISR
00007100   _AdcRegs
00000b00   _AdcResult
00008218   _CLK_disableAdcClock
0000821f   _CLK_enableAdcClock
000081e8   _CLK_init
0000833b   _CPU_clearIntFlags
0000833e   _CPU_disableGlobalInts
00008337   _CPU_init
00006400   _Comp1Regs
00006420   _Comp2Regs
00000c00   _CpuTimer0Regs
00000c08   _CpuTimer1Regs
00000c10   _CpuTimer2Regs
003f7ff8   _CsmPwl
00000ae0   _CsmRegs
00008260   _DATALOG_ISR
00000880   _DevEmuRegs
00008265   _ECAP1_INT_ISR
00006a00   _ECap1Regs
0000826a   _EMPTY_ISR
0000826f   _EMUINT_ISR
00008274   _EPWM1_INT_ISR
00008279   _EPWM1_TZINT_ISR
0000827e   _EPWM2_INT_ISR
00008283   _EPWM2_TZINT_ISR
00008288   _EPWM3_INT_ISR
0000828d   _EPWM3_TZINT_ISR
00008292   _EPWM4_INT_ISR
00008297   _EPWM4_TZINT_ISR
00006800   _EPwm1Regs
00006840   _EPwm2Regs
00006880   _EPwm3Regs
000068c0   _EPwm4Regs
00000d01   _EmuBMode
00000d00   _EmuKey
000081f0   _FLASH_init
00000a80   _FlashRegs
00000d04   _Flash_CPUScaleFactor
00000d02   _Flash_CallbackPtr
000081f8   _GPIO_init
00006f80   _GpioCtrlRegs
00006fc0   _GpioDataRegs
00006fe0   _GpioIntRegs
0000809b   _Gpio_example1
000080b8   _Gpio_example2
000080eb   _Gpio_example3
00008111   _Gpio_select
0000829c   _I2CINT1A_ISR
000082a1   _I2CINT2A_ISR
00007900   _I2caRegs
000082a6   _ILLEGAL_ISR
000082ab   _INT13_ISR
000082b0   _INT14_ISR
000082b5   _NMI_ISR
00007060   _NmiIntruptRegs
000082ba   _PIE_RESERVED
00008341   _PIE_disable
000081b3   _PIE_disableAllInts
00008344   _PIE_enable
000082bf   _PIE_illegalIsr
000081d5   _PIE_init
000081c4   _PIE_setDebugIntVectorTable
00008900   _PIE_tableDebugInit
00008347   _PLL_getClkStatus
0000834a   _PLL_getLockStatus
00008200   _PLL_init
00008226   _PLL_setDivider
0000822d   _PLL_setMultiplier
0000819e   _PLL_setup
003d7fff   _PartIdRegs
00000ce0   _PieCtrlRegs
00000d00   _PieVectTable
000082c4   _RTOSINT_ISR
000082c9   _SCIRXINTA_ISR
000082ce   _SCITXINTA_ISR
000082d3   _SPIRXINTA_ISR
000082d8   _SPITXINTA_ISR
00007050   _SciaRegs
00007040   _SpiaRegs
00007010   _SysCtrlRegs
00000985   _SysPwrCtrlRegs
000082dd   _TINT0_ISR
000082e2   _USER10_ISR
000082e7   _USER11_ISR
000082ec   _USER12_ISR
000082f1   _USER1_ISR
000082f6   _USER2_ISR
000082fb   _USER3_ISR
00008300   _USER4_ISR
00008305   _USER5_ISR
0000830a   _USER6_ISR
0000830f   _USER7_ISR
00008314   _USER8_ISR
00008319   _USER9_ISR
0000831e   _WAKEINT_ISR
00008208   _WDOG_disable
00008210   _WDOG_init
00008323   _XINT1_ISR
00008328   _XINT2_ISR
0000832d   _XINT3_ISR
00007070   _XIntruptRegs
00000700   __STACK_END
00000300   __STACK_SIZE
00000001   __TI_args_main
00008a0c   ___TI_cleanup_ptr
00008a0e   ___TI_dtors_ptr
ffffffff   ___binit__
ffffffff   ___c_args__
00000050   ___cinit__
0000834d   ___etext__
ffffffff   ___pinit__
00008000   ___text__
0000816c   __args_main
00008a0a   __lock
000081e7   __nop
000081e3   __register_lock
000081df   __register_unlock
00000400   __stack
00008a08   __unlock
00008185   _abort
00008128   _c_int00
00008a10   _cpu
0000808b   _delay_loop
00008187   _exit
00008000   _main
00008a00   _myClk
00008a04   _myFlash
00008a02   _myGpio
00008a06   _myPie
00008332   _rsvd_ISR
ffffffff   binit
00000050   cinit
0000834d   etext
ffffffff   pinit


GLOBAL SYMBOLS: SORTED BY Symbol Address 

address    name
--------   ----
00000001   __TI_args_main
00000050   ___cinit__
00000050   cinit
00000300   __STACK_SIZE
00000400   __stack
00000700   __STACK_END
00000880   _DevEmuRegs
00000985   _SysPwrCtrlRegs
00000a80   _FlashRegs
00000ae0   _CsmRegs
00000b00   _AdcResult
00000c00   _CpuTimer0Regs
00000c08   _CpuTimer1Regs
00000c10   _CpuTimer2Regs
00000ce0   _PieCtrlRegs
00000d00   _EmuKey
00000d00   _PieVectTable
00000d01   _EmuBMode
00000d02   _Flash_CallbackPtr
00000d04   _Flash_CPUScaleFactor
00006400   _Comp1Regs
00006420   _Comp2Regs
00006800   _EPwm1Regs
00006840   _EPwm2Regs
00006880   _EPwm3Regs
000068c0   _EPwm4Regs
00006a00   _ECap1Regs
00006f80   _GpioCtrlRegs
00006fc0   _GpioDataRegs
00006fe0   _GpioIntRegs
00007010   _SysCtrlRegs
00007040   _SpiaRegs
00007050   _SciaRegs
00007060   _NmiIntruptRegs
00007070   _XIntruptRegs
00007100   _AdcRegs
00007900   _I2caRegs
00008000   .text
00008000   ___text__
00008000   _main
0000808b   _delay_loop
0000809b   _Gpio_example1
000080b8   _Gpio_example2
000080eb   _Gpio_example3
00008111   _Gpio_select
00008128   _c_int00
0000816c   __args_main
00008185   C$$EXIT
00008185   _abort
00008187   _exit
0000819e   _PLL_setup
000081b3   _PIE_disableAllInts
000081c4   _PIE_setDebugIntVectorTable
000081d5   _PIE_init
000081df   __register_unlock
000081e3   __register_lock
000081e7   __nop
000081e8   _CLK_init
000081f0   _FLASH_init
000081f8   _GPIO_init
00008200   _PLL_init
00008208   _WDOG_disable
00008210   _WDOG_init
00008218   _CLK_disableAdcClock
0000821f   _CLK_enableAdcClock
00008226   _PLL_setDivider
0000822d   _PLL_setMultiplier
00008233   _ADCINT1_ISR
00008238   _ADCINT2_ISR
0000823d   _ADCINT3_ISR
00008242   _ADCINT4_ISR
00008247   _ADCINT5_ISR
0000824c   _ADCINT6_ISR
00008251   _ADCINT7_ISR
00008256   _ADCINT8_ISR
0000825b   _ADCINT9_ISR
00008260   _DATALOG_ISR
00008265   _ECAP1_INT_ISR
0000826a   _EMPTY_ISR
0000826f   _EMUINT_ISR
00008274   _EPWM1_INT_ISR
00008279   _EPWM1_TZINT_ISR
0000827e   _EPWM2_INT_ISR
00008283   _EPWM2_TZINT_ISR
00008288   _EPWM3_INT_ISR
0000828d   _EPWM3_TZINT_ISR
00008292   _EPWM4_INT_ISR
00008297   _EPWM4_TZINT_ISR
0000829c   _I2CINT1A_ISR
000082a1   _I2CINT2A_ISR
000082a6   _ILLEGAL_ISR
000082ab   _INT13_ISR
000082b0   _INT14_ISR
000082b5   _NMI_ISR
000082ba   _PIE_RESERVED
000082bf   _PIE_illegalIsr
000082c4   _RTOSINT_ISR
000082c9   _SCIRXINTA_ISR
000082ce   _SCITXINTA_ISR
000082d3   _SPIRXINTA_ISR
000082d8   _SPITXINTA_ISR
000082dd   _TINT0_ISR
000082e2   _USER10_ISR
000082e7   _USER11_ISR
000082ec   _USER12_ISR
000082f1   _USER1_ISR
000082f6   _USER2_ISR
000082fb   _USER3_ISR
00008300   _USER4_ISR
00008305   _USER5_ISR
0000830a   _USER6_ISR
0000830f   _USER7_ISR
00008314   _USER8_ISR
00008319   _USER9_ISR
0000831e   _WAKEINT_ISR
00008323   _XINT1_ISR
00008328   _XINT2_ISR
0000832d   _XINT3_ISR
00008332   _rsvd_ISR
00008337   _CPU_init
0000833b   _CPU_clearIntFlags
0000833e   _CPU_disableGlobalInts
00008341   _PIE_disable
00008344   _PIE_enable
00008347   _PLL_getClkStatus
0000834a   _PLL_getLockStatus
0000834d   ___etext__
0000834d   etext
00008900   _PIE_tableDebugInit
00008a00   _myClk
00008a02   _myGpio
00008a04   _myFlash
00008a06   _myPie
00008a08   __unlock
00008a0a   __lock
00008a0c   ___TI_cleanup_ptr
00008a0e   ___TI_dtors_ptr
00008a10   _cpu
003d7fff   _PartIdRegs
003f7ff8   _CsmPwl
ffffffff   ___binit__
ffffffff   ___c_args__
ffffffff   ___pinit__
ffffffff   binit
ffffffff   pinit

[145 symbols]
